Archive member included to satisfy reference by file (symbol)

C:/ST/STM32CubeIDE_2.1.1/STM32CubeIDE/plugins/com.st.stm32cube.ide.mcu.externaltools.gnu-tools-for-stm32.14.3.rel1.win32_1.0.100.202602081740/tools/bin/../lib/gcc/arm-none-eabi/14.3.1/../../../../arm-none-eabi/lib/thumb/v7-m/nofp\libc_nano.a(libc_a-exit.o)
                              C:/ST/STM32CubeIDE_2.1.1/STM32CubeIDE/plugins/com.st.stm32cube.ide.mcu.externaltools.gnu-tools-for-stm32.14.3.rel1.win32_1.0.100.202602081740/tools/bin/../lib/gcc/arm-none-eabi/14.3.1/../../../../arm-none-eabi/lib/thumb/v7-m/nofp/crt0.o (exit)
C:/ST/STM32CubeIDE_2.1.1/STM32CubeIDE/plugins/com.st.stm32cube.ide.mcu.externaltools.gnu-tools-for-stm32.14.3.rel1.win32_1.0.100.202602081740/tools/bin/../lib/gcc/arm-none-eabi/14.3.1/../../../../arm-none-eabi/lib/thumb/v7-m/nofp\libc_nano.a(libc_a-findfp.o)
                              C:/ST/STM32CubeIDE_2.1.1/STM32CubeIDE/plugins/com.st.stm32cube.ide.mcu.externaltools.gnu-tools-for-stm32.14.3.rel1.win32_1.0.100.202602081740/tools/bin/../lib/gcc/arm-none-eabi/14.3.1/../../../../arm-none-eabi/lib/thumb/v7-m/nofp\libc_nano.a(libc_a-exit.o) (__stdio_exit_handler)
C:/ST/STM32CubeIDE_2.1.1/STM32CubeIDE/plugins/com.st.stm32cube.ide.mcu.externaltools.gnu-tools-for-stm32.14.3.rel1.win32_1.0.100.202602081740/tools/bin/../lib/gcc/arm-none-eabi/14.3.1/../../../../arm-none-eabi/lib/thumb/v7-m/nofp\libc_nano.a(libc_a-fwalk.o)
                              C:/ST/STM32CubeIDE_2.1.1/STM32CubeIDE/plugins/com.st.stm32cube.ide.mcu.externaltools.gnu-tools-for-stm32.14.3.rel1.win32_1.0.100.202602081740/tools/bin/../lib/gcc/arm-none-eabi/14.3.1/../../../../arm-none-eabi/lib/thumb/v7-m/nofp\libc_nano.a(libc_a-findfp.o) (_fwalk_sglue)
C:/ST/STM32CubeIDE_2.1.1/STM32CubeIDE/plugins/com.st.stm32cube.ide.mcu.externaltools.gnu-tools-for-stm32.14.3.rel1.win32_1.0.100.202602081740/tools/bin/../lib/gcc/arm-none-eabi/14.3.1/../../../../arm-none-eabi/lib/thumb/v7-m/nofp\libc_nano.a(libc_a-stdio.o)
                              C:/ST/STM32CubeIDE_2.1.1/STM32CubeIDE/plugins/com.st.stm32cube.ide.mcu.externaltools.gnu-tools-for-stm32.14.3.rel1.win32_1.0.100.202602081740/tools/bin/../lib/gcc/arm-none-eabi/14.3.1/../../../../arm-none-eabi/lib/thumb/v7-m/nofp\libc_nano.a(libc_a-findfp.o) (__sread)
C:/ST/STM32CubeIDE_2.1.1/STM32CubeIDE/plugins/com.st.stm32cube.ide.mcu.externaltools.gnu-tools-for-stm32.14.3.rel1.win32_1.0.100.202602081740/tools/bin/../lib/gcc/arm-none-eabi/14.3.1/../../../../arm-none-eabi/lib/thumb/v7-m/nofp\libc_nano.a(libc_a-memset.o)
                              C:/ST/STM32CubeIDE_2.1.1/STM32CubeIDE/plugins/com.st.stm32cube.ide.mcu.externaltools.gnu-tools-for-stm32.14.3.rel1.win32_1.0.100.202602081740/tools/bin/../lib/gcc/arm-none-eabi/14.3.1/../../../../arm-none-eabi/lib/thumb/v7-m/nofp/crt0.o (memset)
C:/ST/STM32CubeIDE_2.1.1/STM32CubeIDE/plugins/com.st.stm32cube.ide.mcu.externaltools.gnu-tools-for-stm32.14.3.rel1.win32_1.0.100.202602081740/tools/bin/../lib/gcc/arm-none-eabi/14.3.1/../../../../arm-none-eabi/lib/thumb/v7-m/nofp\libc_nano.a(libc_a-closer.o)
                              C:/ST/STM32CubeIDE_2.1.1/STM32CubeIDE/plugins/com.st.stm32cube.ide.mcu.externaltools.gnu-tools-for-stm32.14.3.rel1.win32_1.0.100.202602081740/tools/bin/../lib/gcc/arm-none-eabi/14.3.1/../../../../arm-none-eabi/lib/thumb/v7-m/nofp\libc_nano.a(libc_a-stdio.o) (_close_r)
C:/ST/STM32CubeIDE_2.1.1/STM32CubeIDE/plugins/com.st.stm32cube.ide.mcu.externaltools.gnu-tools-for-stm32.14.3.rel1.win32_1.0.100.202602081740/tools/bin/../lib/gcc/arm-none-eabi/14.3.1/../../../../arm-none-eabi/lib/thumb/v7-m/nofp\libc_nano.a(libc_a-reent.o)
                              C:/ST/STM32CubeIDE_2.1.1/STM32CubeIDE/plugins/com.st.stm32cube.ide.mcu.externaltools.gnu-tools-for-stm32.14.3.rel1.win32_1.0.100.202602081740/tools/bin/../lib/gcc/arm-none-eabi/14.3.1/../../../../arm-none-eabi/lib/thumb/v7-m/nofp\libc_nano.a(libc_a-closer.o) (errno)
C:/ST/STM32CubeIDE_2.1.1/STM32CubeIDE/plugins/com.st.stm32cube.ide.mcu.externaltools.gnu-tools-for-stm32.14.3.rel1.win32_1.0.100.202602081740/tools/bin/../lib/gcc/arm-none-eabi/14.3.1/../../../../arm-none-eabi/lib/thumb/v7-m/nofp\libc_nano.a(libc_a-impure.o)
                              C:/ST/STM32CubeIDE_2.1.1/STM32CubeIDE/plugins/com.st.stm32cube.ide.mcu.externaltools.gnu-tools-for-stm32.14.3.rel1.win32_1.0.100.202602081740/tools/bin/../lib/gcc/arm-none-eabi/14.3.1/../../../../arm-none-eabi/lib/thumb/v7-m/nofp\libc_nano.a(libc_a-reent.o) (_impure_ptr)
C:/ST/STM32CubeIDE_2.1.1/STM32CubeIDE/plugins/com.st.stm32cube.ide.mcu.externaltools.gnu-tools-for-stm32.14.3.rel1.win32_1.0.100.202602081740/tools/bin/../lib/gcc/arm-none-eabi/14.3.1/../../../../arm-none-eabi/lib/thumb/v7-m/nofp\libc_nano.a(libc_a-lseekr.o)
[...]
Memory Configuration

Name             Origin             Length             Attributes
RAM              0x20000000         0x00005000         xrw
FLASH            0x08000000         0x00010000         xr
*default*        0x00000000         0xffffffff

Linker script and memory map

LOAD C:/ST/STM32CubeIDE_2.1.1/STM32CubeIDE/plugins/com.st.stm32cube.ide.mcu.externaltools.gnu-tools-for-stm32.14.3.rel1.win32_1.0.100.202602081740/tools/bin/../lib/gcc/arm-none-eabi/14.3.1/thumb/v7-m/nofp/crti.o
LOAD C:/ST/STM32CubeIDE_2.1.1/STM32CubeIDE/plugins/com.st.stm32cube.ide.mcu.externaltools.gnu-tools-for-stm32.14.3.rel1.win32_1.0.100.202602081740/tools/bin/../lib/gcc/arm-none-eabi/14.3.1/thumb/v7-m/nofp/crtbegin.o
LOAD C:/ST/STM32CubeIDE_2.1.1/STM32CubeIDE/plugins/com.st.stm32cube.ide.mcu.externaltools.gnu-tools-for-stm32.14.3.rel1.win32_1.0.100.202602081740/tools/bin/../lib/gcc/arm-none-eabi/14.3.1/../../../../arm-none-eabi/lib/thumb/v7-m/nofp/crt0.o
LOAD ./Core/Src/actuator.o
LOAD ./Core/Src/app.o
LOAD ./Core/Src/can_comm.o
LOAD ./Core/Src/freertos.o
LOAD ./Core/Src/main.o
LOAD ./Core/Src/stm32f1xx_hal_msp.o
LOAD ./Core/Src/stm32f1xx_it.o
LOAD ./Core/Src/syscalls.o
LOAD ./Core/Src/sysmem.o
LOAD ./Core/Src/system_stm32f1xx.o
LOAD ./Core/Startup/startup_stm32f103c8tx.o
LOAD ./Drivers/STM32F1xx_HAL_Driver/Src/stm32f1xx_hal.o
LOAD ./Drivers/STM32F1xx_HAL_Driver/Src/stm32f1xx_hal_can.o
LOAD ./Drivers/STM32F1xx_HAL_Driver/Src/stm32f1xx_hal_cortex.o
LOAD ./Drivers/STM32F1xx_HAL_Driver/Src/stm32f1xx_hal_dma.o
LOAD ./Drivers/STM32F1xx_HAL_Driver/Src/stm32f1xx_hal_exti.o
LOAD ./Drivers/STM32F1xx_HAL_Driver/Src/stm32f1xx_hal_flash.o
LOAD ./Drivers/STM32F1xx_HAL_Driver/Src/stm32f1xx_hal_flash_ex.o
LOAD ./Drivers/STM32F1xx_HAL_Driver/Src/stm32f1xx_hal_gpio.o
LOAD ./Drivers/STM32F1xx_HAL_Driver/Src/stm32f1xx_hal_gpio_ex.o
LOAD ./Drivers/STM32F1xx_HAL_Driver/Src/stm32f1xx_hal_pwr.o
LOAD ./Drivers/STM32F1xx_HAL_Driver/Src/stm32f1xx_hal_rcc.o
LOAD ./Drivers/STM32F1xx_HAL_Driver/Src/stm32f1xx_hal_rcc_ex.o
LOAD ./Drivers/STM32F1xx_HAL_Driver/Src/stm32f1xx_hal_tim.o
LOAD ./Drivers/STM32F1xx_HAL_Driver/Src/stm32f1xx_hal_tim_ex.o
LOAD ./Middlewares/Third_Party/FreeRTOS/Source/CMSIS_RTOS_V2/cmsis_os2.o
LOAD ./Middlewares/Third_Party/FreeRTOS/Source/croutine.o
LOAD ./Middlewares/Third_Party/FreeRTOS/Source/event_groups.o
LOAD ./Middlewares/Third_Party/FreeRTOS/Source/list.o
LOAD ./Middlewares/Third_Party/FreeRTOS/Source/queue.o
LOAD ./Middlewares/Third_Party/FreeRTOS/Source/stream_buffer.o
LOAD ./Middlewares/Third_Party/FreeRTOS/Source/tasks.o
LOAD ./Middlewares/Third_Party/FreeRTOS/Source/timers.o
LOAD ./Middlewares/Third_Party/FreeRTOS/Source/portable/GCC/ARM_CM3/port.o
LOAD ./Middlewares/Third_Party/FreeRTOS/Source/portable/MemMang/heap_4.o
START GROUP
LOAD C:/ST/STM32CubeIDE_2.1.1/STM32CubeIDE/plugins/com.st.stm32cube.ide.mcu.externaltools.gnu-tools-for-stm32.14.3.rel1.win32_1.0.100.202602081740/tools/bin/../lib/gcc/arm-none-eabi/14.3.1/../../../../arm-none-eabi/lib/thumb/v7-m/nofp\libc_nano.a
LOAD C:/ST/STM32CubeIDE_2.1.1/STM32CubeIDE/plugins/com.st.stm32cube.ide.mcu.externaltools.gnu-tools-for-stm32.14.3.rel1.win32_1.0.100.202602081740/tools/bin/../lib/gcc/arm-none-eabi/14.3.1/../../../../arm-none-eabi/lib/thumb/v7-m/nofp\libm.a
END GROUP
START GROUP
LOAD C:/ST/STM32CubeIDE_2.1.1/STM32CubeIDE/plugins/com.st.stm32cube.ide.mcu.externaltools.gnu-tools-for-stm32.14.3.rel1.win32_1.0.100.202602081740/tools/bin/../lib/gcc/arm-none-eabi/14.3.1/thumb/v7-m/nofp\libgcc.a
LOAD C:/ST/STM32CubeIDE_2.1.1/STM32CubeIDE/plugins/com.st.stm32cube.ide.mcu.externaltools.gnu-tools-for-stm32.14.3.rel1.win32_1.0.100.202602081740/tools/bin/../lib/gcc/arm-none-eabi/14.3.1/../../../../arm-none-eabi/lib/thumb/v7-m/nofp\libc_nano.a
END GROUP
START GROUP
LOAD C:/ST/STM32CubeIDE_2.1.1/STM32CubeIDE/plugins/com.st.stm32cube.ide.mcu.externaltools.gnu-tools-for-stm32.14.3.rel1.win32_1.0.100.202602081740/tools/bin/../lib/gcc/arm-none-eabi/14.3.1/thumb/v7-m/nofp\libgcc.a
LOAD C:/ST/STM32CubeIDE_2.1.1/STM32CubeIDE/plugins/com.st.stm32cube.ide.mcu.externaltools.gnu-tools-for-stm32.14.3.rel1.win32_1.0.100.202602081740/tools/bin/../lib/gcc/arm-none-eabi/14.3.1/../../../../arm-none-eabi/lib/thumb/v7-m/nofp\libc_nano.a
LOAD C:/ST/STM32CubeIDE_2.1.1/STM32CubeIDE/plugins/com.st.stm32cube.ide.mcu.externaltools.gnu-tools-for-stm32.14.3.rel1.win32_1.0.100.202602081740/tools/bin/../lib/gcc/arm-none-eabi/14.3.1/../../../../arm-none-eabi/lib/thumb/v7-m/nofp\libnosys.a
END GROUP
START GROUP
LOAD C:/ST/STM32CubeIDE_2.1.1/STM32CubeIDE/plugins/com.st.stm32cube.ide.mcu.externaltools.gnu-tools-for-stm32.14.3.rel1.win32_1.0.100.202602081740/tools/bin/../lib/gcc/arm-none-eabi/14.3.1/thumb/v7-m/nofp\libgcc.a
LOAD C:/ST/STM32CubeIDE_2.1.1/STM32CubeIDE/plugins/com.st.stm32cube.ide.mcu.externaltools.gnu-tools-for-stm32.14.3.rel1.win32_1.0.100.202602081740/tools/bin/../lib/gcc/arm-none-eabi/14.3.1/../../../../arm-none-eabi/lib/thumb/v7-m/nofp\libc_nano.a
LOAD C:/ST/STM32CubeIDE_2.1.1/STM32CubeIDE/plugins/com.st.stm32cube.ide.mcu.externaltools.gnu-tools-for-stm32.14.3.rel1.win32_1.0.100.202602081740/tools/bin/../lib/gcc/arm-none-eabi/14.3.1/../../../../arm-none-eabi/lib/thumb/v7-m/nofp\libnosys.a
END GROUP
LOAD C:/ST/STM32CubeIDE_2.1.1/STM32CubeIDE/plugins/com.st.stm32cube.ide.mcu.externaltools.gnu-tools-for-stm32.14.3.rel1.win32_1.0.100.202602081740/tools/bin/../lib/gcc/arm-none-eabi/14.3.1/thumb/v7-m/nofp/crtend.o
LOAD C:/ST/STM32CubeIDE_2.1.1/STM32CubeIDE/plugins/com.st.stm32cube.ide.mcu.externaltools.gnu-tools-for-stm32.14.3.rel1.win32_1.0.100.202602081740/tools/bin/../lib/gcc/arm-none-eabi/14.3.1/thumb/v7-m/nofp/crtn.o
                0x20005000                        _estack = (ORIGIN (RAM) + LENGTH (RAM))
                0x00000200                        _Min_Heap_Size = 0x200
                0x00000400                        _Min_Stack_Size = 0x400

.isr_vector     0x08000000      0x10c
                0x08000000                        . = ALIGN (0x4)
 *(.isr_vector)
 .isr_vector    0x08000000      0x10c ./Core/Startup/startup_stm32f103c8tx.o
                0x08000000                g_pfnVectors
                0x0800010c                        . = ALIGN (0x4)

.text           0x08000110     0x57e4
                0x08000110                        . = ALIGN (0x4)
 *(.text)
 .text          0x08000110       0x40 C:/ST/STM32CubeIDE_2.1.1/STM32CubeIDE/plugins/com.st.stm32cube.ide.mcu.externaltools.gnu-tools-for-stm32.14.3.rel1.win32_1.0.100.202602081740/tools/bin/../lib/gcc/arm-none-eabi/14.3.1/thumb/v7-m/nofp/crtbegin.o
 *(.text*)
 .text.Motor_Init
                0x08000150       0x2c ./Core/Src/actuator.o
                0x08000150                Motor_Init
 .text.Servo_Init
                0x0800017c       0x14 ./Core/Src/actuator.o
                0x0800017c                Servo_Init
 .text.Motor_SetSpeed
                0x08000190       0xb8 ./Core/Src/actuator.o
                0x08000190                Motor_SetSpeed
 .text.Servo_SetAngle
                0x08000248       0x58 ./Core/Src/actuator.o
                0x08000248                Servo_SetAngle
 .text.Servo_Release
                0x080002a0       0x18 ./Core/Src/actuator.o
                0x080002a0                Servo_Release
 .text.App_SetDrive
                0x080002b8       0x30 ./Core/Src/app.o
                0x080002b8                App_SetDrive
 .text.Task_10ms
                0x080002e8       0x34 ./Core/Src/app.o
 .text.Task_20ms
                0x0800031c       0x5c ./Core/Src/app.o
 .text.Task_100ms
                0x08000378       0x3c ./Core/Src/app.o
 .text.TestTask
                0x080003b4       0x4c ./Core/Src/app.o
 .text.App_Init
                0x08000400       0x10 ./Core/Src/app.o
                0x08000400                App_Init
 .text.App_CreateTasks
                0x08000410       0x7c ./Core/Src/app.o
                0x08000410                App_CreateTasks
 .text.CAN_Comm_Poll
                0x0800048c       0x78 ./Core/Src/can_comm.o
                0x0800048c                CAN_Comm_Poll
 .text.CAN_Comm_SendStatus
                0x08000504       0x80 ./Core/Src/can_comm.o
                0x08000504                CAN_Comm_SendStatus
 .text.main     0x08000584       0x4c ./Core/Src/main.o
                0x08000584                main
 .text.SystemClock_Config
                0x080005d0       0x8a ./Core/Src/main.o
                0x080005d0                SystemClock_Config
 *fill*         0x0800065a        0x2 
 .text.MX_CAN_Init
                0x0800065c       0x6c ./Core/Src/main.o
 .text.MX_TIM1_Init
                0x080006c8      0x188 ./Core/Src/main.o
 .text.MX_TIM2_Init
                0x08000850       0xec ./Core/Src/main.o
 .text.MX_GPIO_Init
                0x0800093c       0x5c ./Core/Src/main.o
 .text.StartDefaultTask
                0x08000998       0x12 ./Core/Src/main.o
                0x08000998                StartDefaultTask
 .text.Error_Handler
                0x080009aa        0xc ./Core/Src/main.o
                0x080009aa                Error_Handler
 *fill*         0x080009b6        0x2 
 .text.HAL_MspInit
                0x080009b8       0x70 ./Core/Src/stm32f1xx_hal_msp.o
                0x080009b8                HAL_MspInit
 .text.HAL_CAN_MspInit
                0x08000a28       0xc0 ./Core/Src/stm32f1xx_hal_msp.o
                0x08000a28                HAL_CAN_MspInit
 .text.HAL_TIM_Base_MspInit
                0x08000ae8       0x60 ./Core/Src/stm32f1xx_hal_msp.o
                0x08000ae8                HAL_TIM_Base_MspInit
 .text.HAL_TIM_MspPostInit
                0x08000b48       0xa4 ./Core/Src/stm32f1xx_hal_msp.o
                0x08000b48                HAL_TIM_MspPostInit
 .text.NMI_Handler
                0x08000bec        0x8 ./Core/Src/stm32f1xx_it.o
                0x08000bec                NMI_Handler
 .text.HardFault_Handler
                0x08000bf4        0x8 ./Core/Src/stm32f1xx_it.o
                0x08000bf4                HardFault_Handler
 .text.MemManage_Handler
                0x08000bfc        0x8 ./Core/Src/stm32f1xx_it.o
                0x08000bfc                MemManage_Handler
 .text.BusFault_Handler
                0x08000c04        0x8 ./Core/Src/stm32f1xx_it.o
                0x08000c04                BusFault_Handler
 .text.UsageFault_Handler
                0x08000c0c        0x8 ./Core/Src/stm32f1xx_it.o
                0x08000c0c                UsageFault_Handler
 .text.DebugMon_Handler
                0x08000c14        0xc ./Core/Src/stm32f1xx_it.o
                0x08000c14                DebugMon_Handler
 .text.SysTick_Handler
                0x08000c20       0x1a ./Core/Src/stm32f1xx_it.o
                0x08000c20                SysTick_Handler
 .text.SystemInit
                0x08000c3a        0xc ./Core/Src/system_stm32f1xx.o
                0x08000c3a                SystemInit
 *fill*         0x08000c46        0x2 
 .text.Reset_Handler
                0x08000c48       0x48 ./Core/Startup/startup_stm32f103c8tx.o
                0x08000c48                Reset_Handler
 .text.Default_Handler
                0x08000c90        0x2 ./Core/Startup/startup_stm32f103c8tx.o
                0x08000c90                RTC_Alarm_IRQHandler
                0x08000c90                EXTI2_IRQHandler
                0x08000c90                TIM1_CC_IRQHandler
                0x08000c90                PVD_IRQHandler
                0x08000c90                EXTI3_IRQHandler
                0x08000c90                EXTI0_IRQHandler
                0x08000c90                I2C2_EV_IRQHandler
                0x08000c90                ADC1_2_IRQHandler
                0x08000c90                SPI1_IRQHandler
                0x08000c90                TAMPER_IRQHandler
                0x08000c90                DMA1_Channel4_IRQHandler
                0x08000c90                USART3_IRQHandler
                0x08000c90                RTC_IRQHandler
                0x08000c90                DMA1_Channel7_IRQHandler
                0x08000c90                CAN1_RX1_IRQHandler
                0x08000c90                TIM4_IRQHandler
                0x08000c90                I2C1_EV_IRQHandler
                0x08000c90                DMA1_Channel6_IRQHandler
                0x08000c90                TIM3_IRQHandler
                0x08000c90                RCC_IRQHandler
                0x08000c90                TIM1_TRG_COM_IRQHandler
                0x08000c90                DMA1_Channel1_IRQHandler
                0x08000c90                Default_Handler
                0x08000c90                EXTI15_10_IRQHandler
                0x08000c90                EXTI9_5_IRQHandler
                0x08000c90                SPI2_IRQHandler
                0x08000c90                DMA1_Channel5_IRQHandler
                0x08000c90                EXTI4_IRQHandler
                0x08000c90                USB_LP_CAN1_RX0_IRQHandler
                0x08000c90                USB_HP_CAN1_TX_IRQHandler
                0x08000c90                DMA1_Channel3_IRQHandler
                0x08000c90                TIM1_UP_IRQHandler
                0x08000c90                WWDG_IRQHandler
                0x08000c90                TIM2_IRQHandler
                0x08000c90                TIM1_BRK_IRQHandler
                0x08000c90                EXTI1_IRQHandler
                0x08000c90                USART2_IRQHandler
                0x08000c90                I2C2_ER_IRQHandler
                0x08000c90                DMA1_Channel2_IRQHandler
                0x08000c90                CAN1_SCE_IRQHandler
                0x08000c90                FLASH_IRQHandler
                0x08000c90                USART1_IRQHandler
                0x08000c90                I2C1_ER_IRQHandler
                0x08000c90                USBWakeUp_IRQHandler
 *fill*         0x08000c92        0x2 
 .text.HAL_Init
                0x08000c94       0x2c ./Drivers/STM32F1xx_HAL_Driver/Src/stm32f1xx_hal.o
                0x08000c94                HAL_Init
 .text.HAL_InitTick
                0x08000cc0       0x60 ./Drivers/STM32F1xx_HAL_Driver/Src/stm32f1xx_hal.o
                0x08000cc0                HAL_InitTick
 .text.HAL_IncTick
                0x08000d20       0x24 ./Drivers/STM32F1xx_HAL_Driver/Src/stm32f1xx_hal.o
                0x08000d20                HAL_IncTick
 .text.HAL_GetTick
                0x08000d44       0x14 ./Drivers/STM32F1xx_HAL_Driver/Src/stm32f1xx_hal.o
                0x08000d44                HAL_GetTick
 .text.HAL_CAN_Init
                0x08000d58      0x1f6 ./Drivers/STM32F1xx_HAL_Driver/Src/stm32f1xx_hal_can.o
                0x08000d58                HAL_CAN_Init
 .text.HAL_CAN_AddTxMessage
                0x08000f4e      0x19e ./Drivers/STM32F1xx_HAL_Driver/Src/stm32f1xx_hal_can.o
                0x08000f4e                HAL_CAN_AddTxMessage
 .text.HAL_CAN_GetTxMailboxesFreeLevel
                0x080010ec       0x68 ./Drivers/STM32F1xx_HAL_Driver/Src/stm32f1xx_hal_can.o
                0x080010ec                HAL_CAN_GetTxMailboxesFreeLevel
 .text.HAL_CAN_GetRxMessage
                0x08001154      0x242 ./Drivers/STM32F1xx_HAL_Driver/Src/stm32f1xx_hal_can.o
                0x08001154                HAL_CAN_GetRxMessage
 .text.HAL_CAN_GetRxFifoFillLevel
                0x08001396       0x4e ./Drivers/STM32F1xx_HAL_Driver/Src/stm32f1xx_hal_can.o
                0x08001396                HAL_CAN_GetRxFifoFillLevel
 .text.__NVIC_SetPriorityGrouping
                0x080013e4       0x48 ./Drivers/STM32F1xx_HAL_Driver/Src/stm32f1xx_hal_cortex.o
 .text.__NVIC_GetPriorityGrouping
                0x0800142c       0x1c ./Drivers/STM32F1xx_HAL_Driver/Src/stm32f1xx_hal_cortex.o
 .text.__NVIC_SetPriority
                0x08001448       0x54 ./Drivers/STM32F1xx_HAL_Driver/Src/stm32f1xx_hal_cortex.o
 .text.NVIC_EncodePriority
                0x0800149c       0x64 ./Drivers/STM32F1xx_HAL_Driver/Src/stm32f1xx_hal_cortex.o
 .text.SysTick_Config
                0x08001500       0x44 ./Drivers/STM32F1xx_HAL_Driver/Src/stm32f1xx_hal_cortex.o
 .text.HAL_NVIC_SetPriorityGrouping
                0x08001544       0x16 ./Drivers/STM32F1xx_HAL_Driver/Src/stm32f1xx_hal_cortex.o
                0x08001544                HAL_NVIC_SetPriorityGrouping
 .text.HAL_NVIC_SetPriority
                0x0800155a       0x38 ./Drivers/STM32F1xx_HAL_Driver/Src/stm32f1xx_hal_cortex.o
                0x0800155a                HAL_NVIC_SetPriority
 .text.HAL_SYSTICK_Config
                0x08001592       0x18 ./Drivers/STM32F1xx_HAL_Driver/Src/stm32f1xx_hal_cortex.o
                0x08001592                HAL_SYSTICK_Config
 *fill*         0x080015aa        0x2 
 .text.HAL_GPIO_Init
                0x080015ac      0x308 ./Drivers/STM32F1xx_HAL_Driver/Src/stm32f1xx_hal_gpio.o
                0x080015ac                HAL_GPIO_Init
 .text.HAL_RCC_OscConfig
                0x080018b4      0x504 ./Drivers/STM32F1xx_HAL_Driver/Src/stm32f1xx_hal_rcc.o
                0x080018b4                HAL_RCC_OscConfig
 .text.HAL_RCC_ClockConfig
                0x08001db8      0x1d4 ./Drivers/STM32F1xx_HAL_Driver/Src/stm32f1xx_hal_rcc.o
                0x08001db8                HAL_RCC_ClockConfig
 .text.HAL_RCC_GetSysClockFreq
                0x08001f8c       0xa8 ./Drivers/STM32F1xx_HAL_Driver/Src/stm32f1xx_hal_rcc.o
                0x08001f8c                HAL_RCC_GetSysClockFreq
 .text.RCC_Delay
                0x08002034       0x3c ./Drivers/STM32F1xx_HAL_Driver/Src/stm32f1xx_hal_rcc.o
 .text.HAL_TIM_Base_Init
                0x08002070       0x9e ./Drivers/STM32F1xx_HAL_Driver/Src/stm32f1xx_hal_tim.o
                0x08002070                HAL_TIM_Base_Init
 .text.HAL_TIM_PWM_Init
                0x0800210e       0x9e ./Drivers/STM32F1xx_HAL_Driver/Src/stm32f1xx_hal_tim.o
                0x0800210e                HAL_TIM_PWM_Init
 .text.HAL_TIM_PWM_MspInit
                0x080021ac       0x12 ./Drivers/STM32F1xx_HAL_Driver/Src/stm32f1xx_hal_tim.o
                0x080021ac                HAL_TIM_PWM_MspInit
 *fill*         0x080021be        0x2 
 .text.HAL_TIM_PWM_Start
                0x080021c0      0x144 ./Drivers/STM32F1xx_HAL_Driver/Src/stm32f1xx_hal_tim.o
                0x080021c0                HAL_TIM_PWM_Start
 .text.HAL_TIM_PWM_ConfigChannel
                0x08002304      0x184 ./Drivers/STM32F1xx_HAL_Driver/Src/stm32f1xx_hal_tim.o
                0x08002304                HAL_TIM_PWM_ConfigChannel
 .text.HAL_TIM_ConfigClockSource
                0x08002488      0x18e ./Drivers/STM32F1xx_HAL_Driver/Src/stm32f1xx_hal_tim.o
                0x08002488                HAL_TIM_ConfigClockSource
 *fill*         0x08002616        0x2 
 .text.TIM_Base_SetConfig
                0x08002618       0xdc ./Drivers/STM32F1xx_HAL_Driver/Src/stm32f1xx_hal_tim.o
                0x08002618                TIM_Base_SetConfig
 .text.TIM_OC1_SetConfig
                0x080026f4       0xcc ./Drivers/STM32F1xx_HAL_Driver/Src/stm32f1xx_hal_tim.o
 .text.TIM_OC2_SetConfig
                0x080027c0       0xd4 ./Drivers/STM32F1xx_HAL_Driver/Src/stm32f1xx_hal_tim.o
                0x080027c0                TIM_OC2_SetConfig
 .text.TIM_OC3_SetConfig
                0x08002894       0xd4 ./Drivers/STM32F1xx_HAL_Driver/Src/stm32f1xx_hal_tim.o
 .text.TIM_OC4_SetConfig
                0x08002968       0x9c ./Drivers/STM32F1xx_HAL_Driver/Src/stm32f1xx_hal_tim.o
 .text.TIM_TI1_ConfigInputStage
                0x08002a04       0x5c ./Drivers/STM32F1xx_HAL_Driver/Src/stm32f1xx_hal_tim.o
 .text.TIM_TI2_ConfigInputStage
                0x08002a60       0x5e ./Drivers/STM32F1xx_HAL_Driver/Src/stm32f1xx_hal_tim.o
 .text.TIM_ITRx_SetConfig
                0x08002abe       0x34 ./Drivers/STM32F1xx_HAL_Driver/Src/stm32f1xx_hal_tim.o
 .text.TIM_ETR_SetConfig
                0x08002af2       0x3e ./Drivers/STM32F1xx_HAL_Driver/Src/stm32f1xx_hal_tim.o
                0x08002af2                TIM_ETR_SetConfig
 .text.TIM_CCxChannelCmd
                0x08002b30       0x48 ./Drivers/STM32F1xx_HAL_Driver/Src/stm32f1xx_hal_tim.o
                0x08002b30                TIM_CCxChannelCmd
 .text.HAL_TIMEx_MasterConfigSynchronization
                0x08002b78       0xbc ./Drivers/STM32F1xx_HAL_Driver/Src/stm32f1xx_hal_tim_ex.o
                0x08002b78                HAL_TIMEx_MasterConfigSynchronization
 .text.HAL_TIMEx_ConfigBreakDeadTime
                0x08002c34       0xa2 ./Drivers/STM32F1xx_HAL_Driver/Src/stm32f1xx_hal_tim_ex.o
                0x08002c34                HAL_TIMEx_ConfigBreakDeadTime
 *fill*         0x08002cd6        0x2 
 .text.__NVIC_SetPriority
                0x08002cd8       0x54 ./Middlewares/Third_Party/FreeRTOS/Source/CMSIS_RTOS_V2/cmsis_os2.o
 .text.SVC_Setup
                0x08002d2c       0x12 ./Middlewares/Third_Party/FreeRTOS/Source/CMSIS_RTOS_V2/cmsis_os2.o
 *fill*         0x08002d3e        0x2 
 .text.osKernelInitialize
                0x08002d40       0x44 ./Middlewares/Third_Party/FreeRTOS/Source/CMSIS_RTOS_V2/cmsis_os2.o
                0x08002d40                osKernelInitialize
 .text.osKernelStart
                0x08002d84       0x4c ./Middlewares/Third_Party/FreeRTOS/Source/CMSIS_RTOS_V2/cmsis_os2.o
                0x08002d84                osKernelStart
 .text.osThreadNew
                0x08002dd0      0x124 ./Middlewares/Third_Party/FreeRTOS/Source/CMSIS_RTOS_V2/cmsis_os2.o
                0x08002dd0                osThreadNew
 .text.osDelay  0x08002ef4       0x36 ./Middlewares/Third_Party/FreeRTOS/Source/CMSIS_RTOS_V2/cmsis_os2.o
                0x08002ef4                osDelay
 *fill*         0x08002f2a        0x2 
 .text.vApplicationGetIdleTaskMemory
                0x08002f2c       0x30 ./Middlewares/Third_Party/FreeRTOS/Source/CMSIS_RTOS_V2/cmsis_os2.o
                0x08002f2c                vApplicationGetIdleTaskMemory
 .text.vApplicationGetTimerTaskMemory
                0x08002f5c       0x34 ./Middlewares/Third_Party/FreeRTOS/Source/CMSIS_RTOS_V2/cmsis_os2.o
                0x08002f5c                vApplicationGetTimerTaskMemory
 .text.vListInitialise
                0x08002f90       0x3e ./Middlewares/Third_Party/FreeRTOS/Source/list.o
                0x08002f90                vListInitialise
 .text.vListInitialiseItem
                0x08002fce       0x18 ./Middlewares/Third_Party/FreeRTOS/Source/list.o
                0x08002fce                vListInitialiseItem
 .text.vListInsertEnd
                0x08002fe6       0x46 ./Middlewares/Third_Party/FreeRTOS/Source/list.o
                0x08002fe6                vListInsertEnd
 .text.vListInsert
                0x0800302c       0x70 ./Middlewares/Third_Party/FreeRTOS/Source/list.o
                0x0800302c                vListInsert
 .text.uxListRemove
                0x0800309c       0x52 ./Middlewares/Third_Party/FreeRTOS/Source/list.o
                0x0800309c                uxListRemove
 *fill*         0x080030ee        0x2 
 .text.xQueueGenericReset
                0x080030f0       0xd4 ./Middlewares/Third_Party/FreeRTOS/Source/queue.o
                0x080030f0                xQueueGenericReset
 .text.xQueueGenericCreateStatic
                0x080031c4       0xfa ./Middlewares/Third_Party/FreeRTOS/Source/queue.o
                0x080031c4                xQueueGenericCreateStatic
 .text.prvInitialiseNewQueue
                0x080032be       0x46 ./Middlewares/Third_Party/FreeRTOS/Source/queue.o
 .text.xQueueGenericSend
                0x08003304      0x204 ./Middlewares/Third_Party/FreeRTOS/Source/queue.o
                0x08003304                xQueueGenericSend
 .text.xQueueGenericSendFromISR
                0x08003508      0x13c ./Middlewares/Third_Party/FreeRTOS/Source/queue.o
                0x08003508                xQueueGenericSendFromISR
 .text.xQueueReceive
                0x08003644      0x1c4 ./Middlewares/Third_Party/FreeRTOS/Source/queue.o
                0x08003644                xQueueReceive
 .text.prvCopyDataToQueue
                0x08003808       0xd4 ./Middlewares/Third_Party/FreeRTOS/Source/queue.o
 .text.prvCopyDataFromQueue
                0x080038dc       0x4c ./Middlewares/Third_Party/FreeRTOS/Source/queue.o
 .text.prvUnlockQueue
                0x08003928       0xa4 ./Middlewares/Third_Party/FreeRTOS/Source/queue.o
 .text.prvIsQueueEmpty
                0x080039cc       0x2c ./Middlewares/Third_Party/FreeRTOS/Source/queue.o
 .text.prvIsQueueFull
                0x080039f8       0x30 ./Middlewares/Third_Party/FreeRTOS/Source/queue.o
 .text.vQueueAddToRegistry
                0x08003a28       0x50 ./Middlewares/Third_Party/FreeRTOS/Source/queue.o
                0x08003a28                vQueueAddToRegistry
 .text.vQueueWaitForMessageRestricted
                0x08003a78       0x68 ./Middlewares/Third_Party/FreeRTOS/Source/queue.o
                0x08003a78                vQueueWaitForMessageRestricted
 .text.xTaskCreateStatic
                0x08003ae0       0xc0 ./Middlewares/Third_Party/FreeRTOS/Source/tasks.o
                0x08003ae0                xTaskCreateStatic
 .text.xTaskCreate
                0x08003ba0       0x8a ./Middlewares/Third_Party/FreeRTOS/Source/tasks.o
                0x08003ba0                xTaskCreate
 .text.prvInitialiseNewTask
                0x08003c2a      0x120 ./Middlewares/Third_Party/FreeRTOS/Source/tasks.o
 *fill*         0x08003d4a        0x2 
 .text.prvAddNewTaskToReadyList
                0x08003d4c       0xe0 ./Middlewares/Third_Party/FreeRTOS/Source/tasks.o
 .text.vTaskDelayUntil
                0x08003e2c      0x100 ./Middlewares/Third_Party/FreeRTOS/Source/tasks.o
                0x08003e2c                vTaskDelayUntil
 .text.vTaskDelay
                0x08003f2c       0x6c ./Middlewares/Third_Party/FreeRTOS/Source/tasks.o
                0x08003f2c                vTaskDelay
 .text.vTaskStartScheduler
                0x08003f98       0xd0 ./Middlewares/Third_Party/FreeRTOS/Source/tasks.o
                0x08003f98                vTaskStartScheduler
 .text.vTaskSuspendAll
                0x08004068       0x1c ./Middlewares/Third_Party/FreeRTOS/Source/tasks.o
                0x08004068                vTaskSuspendAll
 .text.xTaskResumeAll
                0x08004084      0x13c ./Middlewares/Third_Party/FreeRTOS/Source/tasks.o
                0x08004084                xTaskResumeAll
 .text.xTaskGetTickCount
                0x080041c0       0x1c ./Middlewares/Third_Party/FreeRTOS/Source/tasks.o
                0x080041c0                xTaskGetTickCount
 .text.xTaskIncrementTick
                0x080041dc      0x174 ./Middlewares/Third_Party/FreeRTOS/Source/tasks.o
                0x080041dc                xTaskIncrementTick
 .text.vTaskSwitchContext
                0x08004350       0xbc ./Middlewares/Third_Party/FreeRTOS/Source/tasks.o
                0x08004350                vTaskSwitchContext
 .text.vTaskPlaceOnEventList
                0x0800440c       0x4c ./Middlewares/Third_Party/FreeRTOS/Source/tasks.o
                0x0800440c                vTaskPlaceOnEventList
 .text.vTaskPlaceOnEventListRestricted
                0x08004458       0x58 ./Middlewares/Third_Party/FreeRTOS/Source/tasks.o
                0x08004458                vTaskPlaceOnEventListRestricted
 .text.xTaskRemoveFromEventList
                0x080044b0       0xc8 ./Middlewares/Third_Party/FreeRTOS/Source/tasks.o
                0x080044b0                xTaskRemoveFromEventList
 .text.vTaskInternalSetTimeOutState
                0x08004578       0x2c ./Middlewares/Third_Party/FreeRTOS/Source/tasks.o
                0x08004578                vTaskInternalSetTimeOutState
 .text.xTaskCheckForTimeOut
                0x080045a4       0xc8 ./Middlewares/Third_Party/FreeRTOS/Source/tasks.o
                0x080045a4                xTaskCheckForTimeOut
 .text.vTaskMissedYield
                0x0800466c       0x18 ./Middlewares/Third_Party/FreeRTOS/Source/tasks.o
                0x0800466c                vTaskMissedYield
 .text.prvIdleTask
                0x08004684       0x30 ./Middlewares/Third_Party/FreeRTOS/Source/tasks.o
 .text.prvInitialiseTaskLists
                0x080046b4       0x80 ./Middlewares/Third_Party/FreeRTOS/Source/tasks.o
 .text.prvCheckTasksWaitingTermination
                0x08004734       0x5c ./Middlewares/Third_Party/FreeRTOS/Source/tasks.o
 .text.prvDeleteTCB
                0x08004790       0x60 ./Middlewares/Third_Party/FreeRTOS/Source/tasks.o
 .text.prvResetNextTaskUnblockTime
                0x080047f0       0x40 ./Middlewares/Third_Party/FreeRTOS/Source/tasks.o
 .text.xTaskGetSchedulerState
                0x08004830       0x3c ./Middlewares/Third_Party/FreeRTOS/Source/tasks.o
                0x08004830                xTaskGetSchedulerState
 .text.xTaskPriorityDisinherit
                0x0800486c       0xe0 ./Middlewares/Third_Party/FreeRTOS/Source/tasks.o
                0x0800486c                xTaskPriorityDisinherit
 .text.prvAddCurrentTaskToDelayedList
                0x0800494c       0xa8 ./Middlewares/Third_Party/FreeRTOS/Source/tasks.o
 .text.xTimerCreateTimerTask
                0x080049f4       0x94 ./Middlewares/Third_Party/FreeRTOS/Source/timers.o
                0x080049f4                xTimerCreateTimerTask
 .text.xTimerGenericCommand
                0x08004a88       0x9c ./Middlewares/Third_Party/FreeRTOS/Source/timers.o
                0x08004a88                xTimerGenericCommand
 .text.prvProcessExpiredTimer
                0x08004b24       0x9c ./Middlewares/Third_Party/FreeRTOS/Source/timers.o
 .text.prvTimerTask
                0x08004bc0       0x26 ./Middlewares/Third_Party/FreeRTOS/Source/timers.o
 *fill*         0x08004be6        0x2 
 .text.prvProcessTimerOrBlockTask
                0x08004be8       0x9c ./Middlewares/Third_Party/FreeRTOS/Source/timers.o
 .text.prvGetNextExpireTime
                0x08004c84       0x44 ./Middlewares/Third_Party/FreeRTOS/Source/timers.o
 .text.prvSampleTimeNow
                0x08004cc8       0x40 ./Middlewares/Third_Party/FreeRTOS/Source/timers.o
 .text.prvInsertTimerInActiveList
                0x08004d08       0x84 ./Middlewares/Third_Party/FreeRTOS/Source/timers.o
 .text.prvProcessReceivedCommands
                0x08004d8c      0x1cc ./Middlewares/Third_Party/FreeRTOS/Source/timers.o
 .text.prvSwitchTimerLists
                0x08004f58       0xcc ./Middlewares/Third_Party/FreeRTOS/Source/timers.o
 .text.prvCheckForValidListAndQueue
                0x08005024       0x80 ./Middlewares/Third_Party/FreeRTOS/Source/timers.o
 .text.pxPortInitialiseStack
                0x080050a4       0x58 ./Middlewares/Third_Party/FreeRTOS/Source/portable/GCC/ARM_CM3/port.o
                0x080050a4                pxPortInitialiseStack
 .text.prvTaskExitError
                0x080050fc       0x58 ./Middlewares/Third_Party/FreeRTOS/Source/portable/GCC/ARM_CM3/port.o
 *fill*         0x08005154        0xc 
 .text.SVC_Handler
                0x08005160       0x28 ./Middlewares/Third_Party/FreeRTOS/Source/portable/GCC/ARM_CM3/port.o
                0x08005160                SVC_Handler
 .text.prvPortStartFirstTask
                0x08005188       0x20 ./Middlewares/Third_Party/FreeRTOS/Source/portable/GCC/ARM_CM3/port.o
 .text.xPortStartScheduler
                0x080051a8       0xe4 ./Middlewares/Third_Party/FreeRTOS/Source/portable/GCC/ARM_CM3/port.o
                0x080051a8                xPortStartScheduler
 .text.vPortEnterCritical
                0x0800528c       0x60 ./Middlewares/Third_Party/FreeRTOS/Source/portable/GCC/ARM_CM3/port.o
                0x0800528c                vPortEnterCritical
 .text.vPortExitCritical
                0x080052ec       0x54 ./Middlewares/Third_Party/FreeRTOS/Source/portable/GCC/ARM_CM3/port.o
                0x080052ec                vPortExitCritical
 .text.PendSV_Handler
                0x08005340       0x48 ./Middlewares/Third_Party/FreeRTOS/Source/portable/GCC/ARM_CM3/port.o
                0x08005340                PendSV_Handler
 .text.xPortSysTickHandler
                0x08005388       0x44 ./Middlewares/Third_Party/FreeRTOS/Source/portable/GCC/ARM_CM3/port.o
                0x08005388                xPortSysTickHandler
 .text.vPortSetupTimerInterrupt
                0x080053cc       0x44 ./Middlewares/Third_Party/FreeRTOS/Source/portable/GCC/ARM_CM3/port.o
                0x080053cc                vPortSetupTimerInterrupt
 .text.vPortValidateInterruptPriority
                0x08005410       0x80 ./Middlewares/Third_Party/FreeRTOS/Source/portable/GCC/ARM_CM3/port.o
                0x08005410                vPortValidateInterruptPriority
 .text.pvPortMalloc
                0x08005490      0x19c ./Middlewares/Third_Party/FreeRTOS/Source/portable/MemMang/heap_4.o
                0x08005490                pvPortMalloc
 .text.vPortFree
                0x0800562c       0xc8 ./Middlewares/Third_Party/FreeRTOS/Source/portable/MemMang/heap_4.o
                0x0800562c                vPortFree
 .text.prvHeapInit
                0x080056f4       0xc4 ./Middlewares/Third_Party/FreeRTOS/Source/portable/MemMang/heap_4.o
 .text.prvInsertBlockIntoFreeList
                0x080057b8       0xb0 ./Middlewares/Third_Party/FreeRTOS/Source/portable/MemMang/heap_4.o
 .text.memset   0x08005868       0x10 C:/ST/STM32CubeIDE_2.1.1/STM32CubeIDE/plugins/com.st.stm32cube.ide.mcu.externaltools.gnu-tools-for-stm32.14.3.rel1.win32_1.0.100.202602081740/tools/bin/../lib/gcc/arm-none-eabi/14.3.1/../../../../arm-none-eabi/lib/thumb/v7-m/nofp\libc_nano.a(libc_a-memset.o)
                0x08005868                memset
 .text.__libc_init_array
                0x08005878       0x48 C:/ST/STM32CubeIDE_2.1.1/STM32CubeIDE/plugins/com.st.stm32cube.ide.mcu.externaltools.gnu-tools-for-stm32.14.3.rel1.win32_1.0.100.202602081740/tools/bin/../lib/gcc/arm-none-eabi/14.3.1/../../../../arm-none-eabi/lib/thumb/v7-m/nofp\libc_nano.a(libc_a-init.o)
                0x08005878                __libc_init_array
 .text.memcpy   0x080058c0       0x1c C:/ST/STM32CubeIDE_2.1.1/STM32CubeIDE/plugins/com.st.stm32cube.ide.mcu.externaltools.gnu-tools-for-stm32.14.3.rel1.win32_1.0.100.202602081740/tools/bin/../lib/gcc/arm-none-eabi/14.3.1/../../../../arm-none-eabi/lib/thumb/v7-m/nofp\libc_nano.a(libc_a-memcpy-stub.o)
                0x080058c0                memcpy
 *(.glue_7)
 .glue_7        0x080058dc        0x0 linker stubs
 *(.glue_7t)
 .glue_7t       0x080058dc        0x0 linker stubs
 *(.eh_frame)
 .eh_frame      0x080058dc        0x0 C:/ST/STM32CubeIDE_2.1.1/STM32CubeIDE/plugins/com.st.stm32cube.ide.mcu.externaltools.gnu-tools-for-stm32.14.3.rel1.win32_1.0.100.202602081740/tools/bin/../lib/gcc/arm-none-eabi/14.3.1/thumb/v7-m/nofp/crtbegin.o
 *(.init)
 .init          0x080058dc        0x4 C:/ST/STM32CubeIDE_2.1.1/STM32CubeIDE/plugins/com.st.stm32cube.ide.mcu.externaltools.gnu-tools-for-stm32.14.3.rel1.win32_1.0.100.202602081740/tools/bin/../lib/gcc/arm-none-eabi/14.3.1/thumb/v7-m/nofp/crti.o
                0x080058dc                _init
 .init          0x080058e0        0x8 C:/ST/STM32CubeIDE_2.1.1/STM32CubeIDE/plugins/com.st.stm32cube.ide.mcu.externaltools.gnu-tools-for-stm32.14.3.rel1.win32_1.0.100.202602081740/tools/bin/../lib/gcc/arm-none-eabi/14.3.1/thumb/v7-m/nofp/crtn.o
 *(.fini)
 .fini          0x080058e8        0x4 C:/ST/STM32CubeIDE_2.1.1/STM32CubeIDE/plugins/com.st.stm32cube.ide.mcu.externaltools.gnu-tools-for-stm32.14.3.rel1.win32_1.0.100.202602081740/tools/bin/../lib/gcc/arm-none-eabi/14.3.1/thumb/v7-m/nofp/crti.o
                0x080058e8                _fini
 .fini          0x080058ec        0x8 C:/ST/STM32CubeIDE_2.1.1/STM32CubeIDE/plugins/com.st.stm32cube.ide.mcu.externaltools.gnu-tools-for-stm32.14.3.rel1.win32_1.0.100.202602081740/tools/bin/../lib/gcc/arm-none-eabi/14.3.1/thumb/v7-m/nofp/crtn.o
                0x080058f4                        . = ALIGN (0x4)
                0x080058f4                        _etext = .

.vfp11_veneer   0x080058f4        0x0
 .vfp11_veneer  0x080058f4        0x0 linker stubs

.v4_bx          0x080058f4        0x0
 .v4_bx         0x080058f4        0x0 linker stubs

.iplt           0x080058f4        0x0
 .iplt          0x080058f4        0x0 C:/ST/STM32CubeIDE_2.1.1/STM32CubeIDE/plugins/com.st.stm32cube.ide.mcu.externaltools.gnu-tools-for-stm32.14.3.rel1.win32_1.0.100.202602081740/tools/bin/../lib/gcc/arm-none-eabi/14.3.1/thumb/v7-m/nofp/crtbegin.o

.rodata         0x080058f4       0x8c
                0x080058f4                        . = ALIGN (0x4)
 *(.rodata)
 .rodata        0x080058f4       0x1f ./Core/Src/app.o
 *fill*         0x08005913        0x1 
 .rodata        0x08005914        0xc ./Core/Src/main.o
 .rodata        0x08005920        0x5 ./Middlewares/Third_Party/FreeRTOS/Source/tasks.o
 *fill*         0x08005925        0x3 
 .rodata        0x08005928        0xd ./Middlewares/Third_Party/FreeRTOS/Source/timers.o
 *(.rodata*)
 *fill*         0x08005935        0x3 
 .rodata.defaultTask_attributes
                0x08005938       0x24 ./Core/Src/main.o
                0x08005938                defaultTask_attributes
 .rodata.AHBPrescTable
                0x0800595c       0x10 ./Core/Src/system_stm32f1xx.o
                0x0800595c                AHBPrescTable
 .rodata.aPLLMULFactorTable.1
                0x0800596c       0x10 ./Drivers/STM32F1xx_HAL_Driver/Src/stm32f1xx_hal_rcc.o
 .rodata.aPredivFactorTable.0
                0x0800597c        0x2 ./Drivers/STM32F1xx_HAL_Driver/Src/stm32f1xx_hal_rcc.o
                0x08005980                        . = ALIGN (0x4)
 *fill*         0x0800597e        0x2 

.ARM.extab      0x08005980        0x0
                0x08005980                        . = ALIGN (0x4)
 *(.ARM.extab* .gnu.linkonce.armextab.*)
                0x08005980                        . = ALIGN (0x4)

.ARM            0x08005980        0x0
                0x08005980                        . = ALIGN (0x4)
                0x08005980                        __exidx_start = .
 *(.ARM.exidx*)
                0x08005980                        __exidx_end = .
                0x08005980                        . = ALIGN (0x4)

.preinit_array  0x08005980        0x0
                0x08005980                        . = ALIGN (0x4)
                0x08005980                        PROVIDE (__preinit_array_start = .)
 *(.preinit_array*)
                0x08005980                        PROVIDE (__preinit_array_end = .)
                0x08005980                        . = ALIGN (0x4)

.init_array     0x08005980        0x4
                0x08005980                        . = ALIGN (0x4)
                0x08005980                        PROVIDE (__init_array_start = .)
 *(SORT_BY_NAME(.init_array.*))
 *(.init_array*)
 .init_array    0x08005980        0x4 C:/ST/STM32CubeIDE_2.1.1/STM32CubeIDE/plugins/com.st.stm32cube.ide.mcu.externaltools.gnu-tools-for-stm32.14.3.rel1.win32_1.0.100.202602081740/tools/bin/../lib/gcc/arm-none-eabi/14.3.1/thumb/v7-m/nofp/crtbegin.o
                0x08005984                        PROVIDE (__init_array_end = .)
                0x08005984                        . = ALIGN (0x4)

.fini_array     0x08005984        0x4
                0x08005984                        . = ALIGN (0x4)
                [!provide]                        PROVIDE (__fini_array_start = .)
 *(SORT_BY_NAME(.fini_array.*))
 *(.fini_array*)
 .fini_array    0x08005984        0x4 C:/ST/STM32CubeIDE_2.1.1/STM32CubeIDE/plugins/com.st.stm32cube.ide.mcu.externaltools.gnu-tools-for-stm32.14.3.rel1.win32_1.0.100.202602081740/tools/bin/../lib/gcc/arm-none-eabi/14.3.1/thumb/v7-m/nofp/crtbegin.o
                [!provide]                        PROVIDE (__fini_array_end = .)
                0x08005988                        . = ALIGN (0x4)
                0x08005988                        _sidata = LOADADDR (.data)

.rel.dyn        0x08005988        0x0
 .rel.iplt      0x08005988        0x0 C:/ST/STM32CubeIDE_2.1.1/STM32CubeIDE/plugins/com.st.stm32cube.ide.mcu.externaltools.gnu-tools-for-stm32.14.3.rel1.win32_1.0.100.202602081740/tools/bin/../lib/gcc/arm-none-eabi/14.3.1/thumb/v7-m/nofp/crtbegin.o

.data           0x20000000       0x14 load address 0x08005988
                0x20000000                        . = ALIGN (0x4)
                0x20000000                        _sdata = .
 *(.data)
 *(.data*)
 .data.g_angle  0x20000000        0x2 ./Core/Src/app.o
 *fill*         0x20000002        0x2 
 .data.SystemCoreClock
                0x20000004        0x4 ./Core/Src/system_stm32f1xx.o
                0x20000004                SystemCoreClock
 .data.uwTickPrio
                0x20000008        0x4 ./Drivers/STM32F1xx_HAL_Driver/Src/stm32f1xx_hal.o
                0x20000008                uwTickPrio
 .data.uwTickFreq
                0x2000000c        0x1 ./Drivers/STM32F1xx_HAL_Driver/Src/stm32f1xx_hal.o
                0x2000000c                uwTickFreq
 *fill*         0x2000000d        0x3 
 .data.uxCriticalNesting
                0x20000010        0x4 ./Middlewares/Third_Party/FreeRTOS/Source/portable/GCC/ARM_CM3/port.o
 *(.RamFunc)
 *(.RamFunc*)
                0x20000014                        . = ALIGN (0x4)
                0x20000014                        _edata = .

.igot.plt       0x20000014        0x0 load address 0x0800599c
 .igot.plt      0x20000014        0x0 C:/ST/STM32CubeIDE_2.1.1/STM32CubeIDE/plugins/com.st.stm32cube.ide.mcu.externaltools.gnu-tools-for-stm32.14.3.rel1.win32_1.0.100.202602081740/tools/bin/../lib/gcc/arm-none-eabi/14.3.1/thumb/v7-m/nofp/crtbegin.o
                0x20000014                        . = ALIGN (0x4)

.bss            0x20000014     0x2e30 load address 0x0800599c
                0x20000014                        _sbss = .
                0x20000014                        __bss_start__ = _sbss
 *(.bss)
 .bss           0x20000014       0x1c C:/ST/STM32CubeIDE_2.1.1/STM32CubeIDE/plugins/com.st.stm32cube.ide.mcu.externaltools.gnu-tools-for-stm32.14.3.rel1.win32_1.0.100.202602081740/tools/bin/../lib/gcc/arm-none-eabi/14.3.1/thumb/v7-m/nofp/crtbegin.o
 *(.bss*)
 .bss.g_speed   0x20000030        0x2 ./Core/Src/app.o
 *fill*         0x20000032        0x2 
 .bss.hcan      0x20000034       0x28 ./Core/Src/main.o
                0x20000034                hcan
 .bss.htim1     0x2000005c       0x48 ./Core/Src/main.o
                0x2000005c                htim1
 .bss.htim2     0x200000a4       0x48 ./Core/Src/main.o
                0x200000a4                htim2
 .bss.defaultTaskHandle
                0x200000ec        0x4 ./Core/Src/main.o
                0x200000ec                defaultTaskHandle
 .bss.uwTick    0x200000f0        0x4 ./Drivers/STM32F1xx_HAL_Driver/Src/stm32f1xx_hal.o
                0x200000f0                uwTick
 .bss.KernelState
                0x200000f4        0x4 ./Middlewares/Third_Party/FreeRTOS/Source/CMSIS_RTOS_V2/cmsis_os2.o
 .bss.Idle_TCB.3
                0x200000f8       0x5c ./Middlewares/Third_Party/FreeRTOS/Source/CMSIS_RTOS_V2/cmsis_os2.o
 .bss.Idle_Stack.2
                0x20000154      0x200 ./Middlewares/Third_Party/FreeRTOS/Source/CMSIS_RTOS_V2/cmsis_os2.o
 .bss.Timer_TCB.1
                0x20000354       0x5c ./Middlewares/Third_Party/FreeRTOS/Source/CMSIS_RTOS_V2/cmsis_os2.o
 .bss.Timer_Stack.0
                0x200003b0      0x400 ./Middlewares/Third_Party/FreeRTOS/Source/CMSIS_RTOS_V2/cmsis_os2.o
 .bss.xQueueRegistry
                0x200007b0       0x40 ./Middlewares/Third_Party/FreeRTOS/Source/queue.o
                0x200007b0                xQueueRegistry
 .bss.pxCurrentTCB
                0x200007f0        0x4 ./Middlewares/Third_Party/FreeRTOS/Source/tasks.o
                0x200007f0                pxCurrentTCB
 .bss.pxReadyTasksLists
                0x200007f4      0x460 ./Middlewares/Third_Party/FreeRTOS/Source/tasks.o
 .bss.xDelayedTaskList1
                0x20000c54       0x14 ./Middlewares/Third_Party/FreeRTOS/Source/tasks.o
 .bss.xDelayedTaskList2
                0x20000c68       0x14 ./Middlewares/Third_Party/FreeRTOS/Source/tasks.o
 .bss.pxDelayedTaskList
                0x20000c7c        0x4 ./Middlewares/Third_Party/FreeRTOS/Source/tasks.o
 .bss.pxOverflowDelayedTaskList
                0x20000c80        0x4 ./Middlewares/Third_Party/FreeRTOS/Source/tasks.o
 .bss.xPendingReadyList
                0x20000c84       0x14 ./Middlewares/Third_Party/FreeRTOS/Source/tasks.o
 .bss.xTasksWaitingTermination
                0x20000c98       0x14 ./Middlewares/Third_Party/FreeRTOS/Source/tasks.o
 .bss.uxDeletedTasksWaitingCleanUp
                0x20000cac        0x4 ./Middlewares/Third_Party/FreeRTOS/Source/tasks.o
 .bss.xSuspendedTaskList
                0x20000cb0       0x14 ./Middlewares/Third_Party/FreeRTOS/Source/tasks.o
 .bss.uxCurrentNumberOfTasks
                0x20000cc4        0x4 ./Middlewares/Third_Party/FreeRTOS/Source/tasks.o
 .bss.xTickCount
                0x20000cc8        0x4 ./Middlewares/Third_Party/FreeRTOS/Source/tasks.o
 .bss.uxTopReadyPriority
                0x20000ccc        0x4 ./Middlewares/Third_Party/FreeRTOS/Source/tasks.o
 .bss.xSchedulerRunning
                0x20000cd0        0x4 ./Middlewares/Third_Party/FreeRTOS/Source/tasks.o
 .bss.xPendedTicks
                0x20000cd4        0x4 ./Middlewares/Third_Party/FreeRTOS/Source/tasks.o
 .bss.xYieldPending
                0x20000cd8        0x4 ./Middlewares/Third_Party/FreeRTOS/Source/tasks.o
 .bss.xNumOfOverflows
                0x20000cdc        0x4 ./Middlewares/Third_Party/FreeRTOS/Source/tasks.o
 .bss.uxTaskNumber
                0x20000ce0        0x4 ./Middlewares/Third_Party/FreeRTOS/Source/tasks.o
 .bss.xNextTaskUnblockTime
                0x20000ce4        0x4 ./Middlewares/Third_Party/FreeRTOS/Source/tasks.o
 .bss.xIdleTaskHandle
                0x20000ce8        0x4 ./Middlewares/Third_Party/FreeRTOS/Source/tasks.o
 .bss.uxSchedulerSuspended
                0x20000cec        0x4 ./Middlewares/Third_Party/FreeRTOS/Source/tasks.o
 .bss.xActiveTimerList1
                0x20000cf0       0x14 ./Middlewares/Third_Party/FreeRTOS/Source/timers.o
 .bss.xActiveTimerList2
                0x20000d04       0x14 ./Middlewares/Third_Party/FreeRTOS/Source/timers.o
 .bss.pxCurrentTimerList
                0x20000d18        0x4 ./Middlewares/Third_Party/FreeRTOS/Source/timers.o
 .bss.pxOverflowTimerList
                0x20000d1c        0x4 ./Middlewares/Third_Party/FreeRTOS/Source/timers.o
 .bss.xTimerQueue
                0x20000d20        0x4 ./Middlewares/Third_Party/FreeRTOS/Source/timers.o
 .bss.xTimerTaskHandle
                0x20000d24        0x4 ./Middlewares/Third_Party/FreeRTOS/Source/timers.o
 .bss.xLastTime.2
                0x20000d28        0x4 ./Middlewares/Third_Party/FreeRTOS/Source/timers.o
 .bss.ucStaticTimerQueueStorage.1
                0x20000d2c       0xa0 ./Middlewares/Third_Party/FreeRTOS/Source/timers.o
 .bss.xStaticTimerQueue.0
                0x20000dcc       0x50 ./Middlewares/Third_Party/FreeRTOS/Source/timers.o
 .bss.ucMaxSysCallPriority
                0x20000e1c        0x1 ./Middlewares/Third_Party/FreeRTOS/Source/portable/GCC/ARM_CM3/port.o
 *fill*         0x20000e1d        0x3 
 .bss.ulMaxPRIGROUPValue
                0x20000e20        0x4 ./Middlewares/Third_Party/FreeRTOS/Source/portable/GCC/ARM_CM3/port.o
 .bss.ucHeap    0x20000e24     0x2000 ./Middlewares/Third_Party/FreeRTOS/Source/portable/MemMang/heap_4.o
 .bss.xStart    0x20002e24        0x8 ./Middlewares/Third_Party/FreeRTOS/Source/portable/MemMang/heap_4.o
 .bss.pxEnd     0x20002e2c        0x4 ./Middlewares/Third_Party/FreeRTOS/Source/portable/MemMang/heap_4.o
 .bss.xFreeBytesRemaining
                0x20002e30        0x4 ./Middlewares/Third_Party/FreeRTOS/Source/portable/MemMang/heap_4.o
 .bss.xMinimumEverFreeBytesRemaining
                0x20002e34        0x4 ./Middlewares/Third_Party/FreeRTOS/Source/portable/MemMang/heap_4.o
 .bss.xNumberOfSuccessfulAllocations
                0x20002e38        0x4 ./Middlewares/Third_Party/FreeRTOS/Source/portable/MemMang/heap_4.o
 .bss.xNumberOfSuccessfulFrees
                0x20002e3c        0x4 ./Middlewares/Third_Party/FreeRTOS/Source/portable/MemMang/heap_4.o
 .bss.xBlockAllocatedBit
                0x20002e40        0x4 ./Middlewares/Third_Party/FreeRTOS/Source/portable/MemMang/heap_4.o
 *(COMMON)
                0x20002e44                        . = ALIGN (0x4)
                0x20002e44                        _ebss = .
                0x20002e44                        __bss_end__ = _ebss

._user_heap_stack
                0x20002e44      0x604 load address 0x0800599c
                0x20002e48                        . = ALIGN (0x8)
 *fill*         0x20002e44        0x4 
                [!provide]                        PROVIDE (end = .)
                0x20002e48                        PROVIDE (_end = .)
                0x20003048                        . = (. + _Min_Heap_Size)
 *fill*         0x20002e48      0x200 
                0x20003448                        . = (. + _Min_Stack_Size)
 *fill*         0x20003048      0x400 
                0x20003448                        . = ALIGN (0x8)

/DISCARD/
 libc.a(*)
 libm.a(*)
 libgcc.a(*)

.ARM.attributes
                0x00000000       0x29
 *(.ARM.attributes)
 .ARM.attributes
                0x00000000       0x1d C:/ST/STM32CubeIDE_2.1.1/STM32CubeIDE/plugins/com.st.stm32cube.ide.mcu.externaltools.gnu-tools-for-stm32.14.3.rel1.win32_1.0.100.202602081740/tools/bin/../lib/gcc/arm-none-eabi/14.3.1/thumb/v7-m/nofp/crti.o
 .ARM.attributes
                0x0000001d       0x2d C:/ST/STM32CubeIDE_2.1.1/STM32CubeIDE/plugins/com.st.stm32cube.ide.mcu.externaltools.gnu-tools-for-stm32.14.3.rel1.win32_1.0.100.202602081740/tools/bin/../lib/gcc/arm-none-eabi/14.3.1/thumb/v7-m/nofp/crtbegin.o
 .ARM.attributes
                0x0000004a       0x2d ./Core/Src/actuator.o
 .ARM.attributes
                0x00000077       0x2d ./Core/Src/app.o
 .ARM.attributes
                0x000000a4       0x2d ./Core/Src/can_comm.o
 .ARM.attributes
                0x000000d1       0x2d ./Core/Src/main.o
 .ARM.attributes
                0x000000fe       0x2d ./Core/Src/stm32f1xx_hal_msp.o
 .ARM.attributes
                0x0000012b       0x2d ./Core/Src/stm32f1xx_it.o
 .ARM.attributes
                0x00000158       0x2d ./Core/Src/system_stm32f1xx.o
 .ARM.attributes
                0x00000185       0x21 ./Core/Startup/startup_stm32f103c8tx.o
 .ARM.attributes
                0x000001a6       0x2d ./Drivers/STM32F1xx_HAL_Driver/Src/stm32f1xx_hal.o
 .ARM.attributes
                0x000001d3       0x2d ./Drivers/STM32F1xx_HAL_Driver/Src/stm32f1xx_hal_can.o
 .ARM.attributes
                0x00000200       0x2d ./Drivers/STM32F1xx_HAL_Driver/Src/stm32f1xx_hal_cortex.o
 .ARM.attributes
                0x0000022d       0x2d ./Drivers/STM32F1xx_HAL_Driver/Src/stm32f1xx_hal_gpio.o
 .ARM.attributes
                0x0000025a       0x2d ./Drivers/STM32F1xx_HAL_Driver/Src/stm32f1xx_hal_rcc.o
 .ARM.attributes
                0x00000287       0x2d ./Drivers/STM32F1xx_HAL_Driver/Src/stm32f1xx_hal_tim.o
 .ARM.attributes
                0x000002b4       0x2d ./Drivers/STM32F1xx_HAL_Driver/Src/stm32f1xx_hal_tim_ex.o
 .ARM.attributes
                0x000002e1       0x2d ./Middlewares/Third_Party/FreeRTOS/Source/CMSIS_RTOS_V2/cmsis_os2.o
 .ARM.attributes
                0x0000030e       0x2d ./Middlewares/Third_Party/FreeRTOS/Source/list.o
 .ARM.attributes
                0x0000033b       0x2d ./Middlewares/Third_Party/FreeRTOS/Source/queue.o
 .ARM.attributes
                0x00000368       0x2d ./Middlewares/Third_Party/FreeRTOS/Source/tasks.o
 .ARM.attributes
                0x00000395       0x2d ./Middlewares/Third_Party/FreeRTOS/Source/timers.o
 .ARM.attributes
                0x000003c2       0x2d ./Middlewares/Third_Party/FreeRTOS/Source/portable/GCC/ARM_CM3/port.o
 .ARM.attributes
                0x000003ef       0x2d ./Middlewares/Third_Party/FreeRTOS/Source/portable/MemMang/heap_4.o
 .ARM.attributes
                0x0000041c       0x2d C:/ST/STM32CubeIDE_2.1.1/STM32CubeIDE/plugins/com.st.stm32cube.ide.mcu.externaltools.gnu-tools-for-stm32.14.3.rel1.win32_1.0.100.202602081740/tools/bin/../lib/gcc/arm-none-eabi/14.3.1/../../../../arm-none-eabi/lib/thumb/v7-m/nofp\libc_nano.a(libc_a-memset.o)
 .ARM.attributes
                0x00000449       0x2d C:/ST/STM32CubeIDE_2.1.1/STM32CubeIDE/plugins/com.st.stm32cube.ide.mcu.externaltools.gnu-tools-for-stm32.14.3.rel1.win32_1.0.100.202602081740/tools/bin/../lib/gcc/arm-none-eabi/14.3.1/../../../../arm-none-eabi/lib/thumb/v7-m/nofp\libc_nano.a(libc_a-init.o)
 .ARM.attributes
                0x00000476       0x2d C:/ST/STM32CubeIDE_2.1.1/STM32CubeIDE/plugins/com.st.stm32cube.ide.mcu.externaltools.gnu-tools-for-stm32.14.3.rel1.win32_1.0.100.202602081740/tools/bin/../lib/gcc/arm-none-eabi/14.3.1/../../../../arm-none-eabi/lib/thumb/v7-m/nofp\libc_nano.a(libc_a-memcpy-stub.o)
 .ARM.attributes
                0x000004a3       0x1d C:/ST/STM32CubeIDE_2.1.1/STM32CubeIDE/plugins/com.st.stm32cube.ide.mcu.externaltools.gnu-tools-for-stm32.14.3.rel1.win32_1.0.100.202602081740/tools/bin/../lib/gcc/arm-none-eabi/14.3.1/thumb/v7-m/nofp/crtn.o
OUTPUT(RC_2026.elf elf32-littlearm)
LOAD linker stubs
LOAD C:/ST/STM32CubeIDE_2.1.1/STM32CubeIDE/plugins/com.st.stm32cube.ide.mcu.externaltools.gnu-tools-for-stm32.14.3.rel1.win32_1.0.100.202602081740/tools/bin/../lib/gcc/arm-none-eabi/14.3.1/../../../../arm-none-eabi/lib/thumb/v7-m/nofp\libc.a
LOAD C:/ST/STM32CubeIDE_2.1.1/STM32CubeIDE/plugins/com.st.stm32cube.ide.mcu.externaltools.gnu-tools-for-stm32.14.3.rel1.win32_1.0.100.202602081740/tools/bin/../lib/gcc/arm-none-eabi/14.3.1/../../../../arm-none-eabi/lib/thumb/v7-m/nofp\libm.a
LOAD C:/ST/STM32CubeIDE_2.1.1/STM32CubeIDE/plugins/com.st.stm32cube.ide.mcu.externaltools.gnu-tools-for-stm32.14.3.rel1.win32_1.0.100.202602081740/tools/bin/../lib/gcc/arm-none-eabi/14.3.1/thumb/v7-m/nofp\libgcc.a

.debug_info     0x00000000    0x13b60
 .debug_info    0x00000000      0x6e7 ./Core/Src/actuator.o
 .debug_info    0x000006e7      0x362 ./Core/Src/app.o
 .debug_info    0x00000a49      0x812 ./Core/Src/can_comm.o
 .debug_info    0x0000125b     0x1311 ./Core/Src/main.o
 .debug_info    0x0000256c      0xefb ./Core/Src/stm32f1xx_hal_msp.o
 .debug_info    0x00003467      0x11b ./Core/Src/stm32f1xx_it.o
 .debug_info    0x00003582      0x222 ./Core/Src/system_stm32f1xx.o
 .debug_info    0x000037a4       0x30 ./Core/Startup/startup_stm32f103c8tx.o
 .debug_info    0x000037d4      0x704 ./Drivers/STM32F1xx_HAL_Driver/Src/stm32f1xx_hal.o
 .debug_info    0x00003ed8      0xf13 ./Drivers/STM32F1xx_HAL_Driver/Src/stm32f1xx_hal_can.o
 .debug_info    0x00004deb      0xa87 ./Drivers/STM32F1xx_HAL_Driver/Src/stm32f1xx_hal_cortex.o
 .debug_info    0x00005872      0x5ab ./Drivers/STM32F1xx_HAL_Driver/Src/stm32f1xx_hal_gpio.o
 .debug_info    0x00005e1d      0x7d5 ./Drivers/STM32F1xx_HAL_Driver/Src/stm32f1xx_hal_rcc.o
 .debug_info    0x000065f2     0x2959 ./Drivers/STM32F1xx_HAL_Driver/Src/stm32f1xx_hal_tim.o
 .debug_info    0x00008f4b     0x149b ./Drivers/STM32F1xx_HAL_Driver/Src/stm32f1xx_hal_tim_ex.o
 .debug_info    0x0000a3e6     0x3975 ./Middlewares/Third_Party/FreeRTOS/Source/CMSIS_RTOS_V2/cmsis_os2.o
 .debug_info    0x0000dd5b      0x2af ./Middlewares/Third_Party/FreeRTOS/Source/list.o
 .debug_info    0x0000e00a     0x1b79 ./Middlewares/Third_Party/FreeRTOS/Source/queue.o
 .debug_info    0x0000fb83     0x21ec ./Middlewares/Third_Party/FreeRTOS/Source/tasks.o
 .debug_info    0x00011d6f     0x1488 ./Middlewares/Third_Party/FreeRTOS/Source/timers.o
 .debug_info    0x000131f7      0x494 ./Middlewares/Third_Party/FreeRTOS/Source/portable/GCC/ARM_CM3/port.o
 .debug_info    0x0001368b      0x4d5 ./Middlewares/Third_Party/FreeRTOS/Source/portable/MemMang/heap_4.o

.debug_abbrev   0x00000000     0x3254
 .debug_abbrev  0x00000000      0x1d1 ./Core/Src/actuator.o
 .debug_abbrev  0x000001d1      0x181 ./Core/Src/app.o
 .debug_abbrev  0x00000352      0x1c7 ./Core/Src/can_comm.o
 .debug_abbrev  0x00000519      0x36f ./Core/Src/main.o
 .debug_abbrev  0x00000888      0x234 ./Core/Src/stm32f1xx_hal_msp.o
 .debug_abbrev  0x00000abc       0xaa ./Core/Src/stm32f1xx_it.o
 .debug_abbrev  0x00000b66      0x13f ./Core/Src/system_stm32f1xx.o
 .debug_abbrev  0x00000ca5       0x24 ./Core/Startup/startup_stm32f103c8tx.o
 .debug_abbrev  0x00000cc9      0x201 ./Drivers/STM32F1xx_HAL_Driver/Src/stm32f1xx_hal.o
 .debug_abbrev  0x00000eca      0x21c ./Drivers/STM32F1xx_HAL_Driver/Src/stm32f1xx_hal_can.o
 .debug_abbrev  0x000010e6      0x2f8 ./Drivers/STM32F1xx_HAL_Driver/Src/stm32f1xx_hal_cortex.o
 .debug_abbrev  0x000013de      0x1ca ./Drivers/STM32F1xx_HAL_Driver/Src/stm32f1xx_hal_gpio.o
 .debug_abbrev  0x000015a8      0x2b3 ./Drivers/STM32F1xx_HAL_Driver/Src/stm32f1xx_hal_rcc.o
 .debug_abbrev  0x0000185b      0x277 ./Drivers/STM32F1xx_HAL_Driver/Src/stm32f1xx_hal_tim.o
 .debug_abbrev  0x00001ad2      0x282 ./Drivers/STM32F1xx_HAL_Driver/Src/stm32f1xx_hal_tim_ex.o
 .debug_abbrev  0x00001d54      0x508 ./Middlewares/Third_Party/FreeRTOS/Source/CMSIS_RTOS_V2/cmsis_os2.o
 .debug_abbrev  0x0000225c       0xf5 ./Middlewares/Third_Party/FreeRTOS/Source/list.o
 .debug_abbrev  0x00002351      0x3b6 ./Middlewares/Third_Party/FreeRTOS/Source/queue.o
 .debug_abbrev  0x00002707      0x386 ./Middlewares/Third_Party/FreeRTOS/Source/tasks.o
 .debug_abbrev  0x00002a8d      0x352 ./Middlewares/Third_Party/FreeRTOS/Source/timers.o
 .debug_abbrev  0x00002ddf      0x258 ./Middlewares/Third_Party/FreeRTOS/Source/portable/GCC/ARM_CM3/port.o
 .debug_abbrev  0x00003037      0x21d ./Middlewares/Third_Party/FreeRTOS/Source/portable/MemMang/heap_4.o

.debug_aranges  0x00000000     0x1340
 .debug_aranges
                0x00000000       0x40 ./Core/Src/actuator.o
 .debug_aranges
                0x00000040       0x50 ./Core/Src/app.o
 .debug_aranges
                0x00000090       0x30 ./Core/Src/can_comm.o
 .debug_aranges
                0x000000c0       0x58 ./Core/Src/main.o
 .debug_aranges
                0x00000118       0x48 ./Core/Src/stm32f1xx_hal_msp.o
 .debug_aranges
                0x00000160       0x50 ./Core/Src/stm32f1xx_it.o
 .debug_aranges
                0x000001b0       0x28 ./Core/Src/system_stm32f1xx.o
 .debug_aranges
                0x000001d8       0x28 ./Core/Startup/startup_stm32f103c8tx.o
 .debug_aranges
                0x00000200       0xe0 ./Drivers/STM32F1xx_HAL_Driver/Src/stm32f1xx_hal.o
 .debug_aranges
                0x000002e0      0x138 ./Drivers/STM32F1xx_HAL_Driver/Src/stm32f1xx_hal_can.o
 .debug_aranges
                0x00000418      0x100 ./Drivers/STM32F1xx_HAL_Driver/Src/stm32f1xx_hal_cortex.o
 .debug_aranges
                0x00000518       0x58 ./Drivers/STM32F1xx_HAL_Driver/Src/stm32f1xx_hal_gpio.o
 .debug_aranges
                0x00000570       0x90 ./Drivers/STM32F1xx_HAL_Driver/Src/stm32f1xx_hal_rcc.o
 .debug_aranges
                0x00000600      0x3d0 ./Drivers/STM32F1xx_HAL_Driver/Src/stm32f1xx_hal_tim.o
 .debug_aranges
                0x000009d0      0x168 ./Drivers/STM32F1xx_HAL_Driver/Src/stm32f1xx_hal_tim_ex.o
 .debug_aranges
                0x00000b38      0x2a8 ./Middlewares/Third_Party/FreeRTOS/Source/CMSIS_RTOS_V2/cmsis_os2.o
 .debug_aranges
                0x00000de0       0x40 ./Middlewares/Third_Party/FreeRTOS/Source/list.o
 .debug_aranges
                0x00000e20      0x158 ./Middlewares/Third_Party/FreeRTOS/Source/queue.o
 .debug_aranges
                0x00000f78      0x208 ./Middlewares/Third_Party/FreeRTOS/Source/tasks.o
 .debug_aranges
                0x00001180       0xf0 ./Middlewares/Third_Party/FreeRTOS/Source/timers.o
 .debug_aranges
                0x00001270       0x78 ./Middlewares/Third_Party/FreeRTOS/Source/portable/GCC/ARM_CM3/port.o
 .debug_aranges
                0x000012e8       0x58 ./Middlewares/Third_Party/FreeRTOS/Source/portable/MemMang/heap_4.o

.debug_rnglists
                0x00000000      0xec6
 .debug_rnglists
                0x00000000       0x2c ./Core/Src/actuator.o
 .debug_rnglists
                0x0000002c       0x37 ./Core/Src/app.o
 .debug_rnglists
                0x00000063       0x20 ./Core/Src/can_comm.o
 .debug_rnglists
                0x00000083       0x40 ./Core/Src/main.o
 .debug_rnglists
                0x000000c3       0x33 ./Core/Src/stm32f1xx_hal_msp.o
 .debug_rnglists
                0x000000f6       0x37 ./Core/Src/stm32f1xx_it.o
 .debug_rnglists
                0x0000012d       0x1a ./Core/Src/system_stm32f1xx.o
 .debug_rnglists
                0x00000147       0x19 ./Core/Startup/startup_stm32f103c8tx.o
 .debug_rnglists
                0x00000160       0xa3 ./Drivers/STM32F1xx_HAL_Driver/Src/stm32f1xx_hal.o
 .debug_rnglists
                0x00000203       0xed ./Drivers/STM32F1xx_HAL_Driver/Src/stm32f1xx_hal_can.o
 .debug_rnglists
                0x000002f0       0xbb ./Drivers/STM32F1xx_HAL_Driver/Src/stm32f1xx_hal_cortex.o
 .debug_rnglists
                0x000003ab       0x3f ./Drivers/STM32F1xx_HAL_Driver/Src/stm32f1xx_hal_gpio.o
 .debug_rnglists
                0x000003ea       0x6c ./Drivers/STM32F1xx_HAL_Driver/Src/stm32f1xx_hal_rcc.o
 .debug_rnglists
                0x00000456      0x31a ./Drivers/STM32F1xx_HAL_Driver/Src/stm32f1xx_hal_tim.o
 .debug_rnglists
                0x00000770      0x125 ./Drivers/STM32F1xx_HAL_Driver/Src/stm32f1xx_hal_tim_ex.o
 .debug_rnglists
                0x00000895      0x20c ./Middlewares/Third_Party/FreeRTOS/Source/CMSIS_RTOS_V2/cmsis_os2.o
 .debug_rnglists
                0x00000aa1       0x2b ./Middlewares/Third_Party/FreeRTOS/Source/list.o
 .debug_rnglists
                0x00000acc      0x109 ./Middlewares/Third_Party/FreeRTOS/Source/queue.o
 .debug_rnglists
                0x00000bd5      0x1a0 ./Middlewares/Third_Party/FreeRTOS/Source/tasks.o
 .debug_rnglists
                0x00000d75       0xb8 ./Middlewares/Third_Party/FreeRTOS/Source/timers.o
 .debug_rnglists
                0x00000e2d       0x57 ./Middlewares/Third_Party/FreeRTOS/Source/portable/GCC/ARM_CM3/port.o
 .debug_rnglists
                0x00000e84       0x42 ./Middlewares/Third_Party/FreeRTOS/Source/portable/MemMang/heap_4.o

.debug_macro    0x00000000    0x19207
 .debug_macro   0x00000000      0x1d7 ./Core/Src/actuator.o
 .debug_macro   0x000001d7      0xacc ./Core/Src/actuator.o
 .debug_macro   0x00000ca3      0x21b ./Core/Src/actuator.o
 .debug_macro   0x00000ebe       0x2e ./Core/Src/actuator.o
 .debug_macro   0x00000eec       0x22 ./Core/Src/actuator.o
 .debug_macro   0x00000f0e       0x22 ./Core/Src/actuator.o
 .debug_macro   0x00000f30       0x8e ./Core/Src/actuator.o
 .debug_macro   0x00000fbe       0x51 ./Core/Src/actuator.o
 .debug_macro   0x0000100f      0x103 ./Core/Src/actuator.o
 .debug_macro   0x00001112       0x6a ./Core/Src/actuator.o
 .debug_macro   0x0000117c      0x1df ./Core/Src/actuator.o
 .debug_macro   0x0000135b       0x1c ./Core/Src/actuator.o
 .debug_macro   0x00001377       0x22 ./Core/Src/actuator.o
 .debug_macro   0x00001399       0xbd ./Core/Src/actuator.o
 .debug_macro   0x00001456      0xd23 ./Core/Src/actuator.o
 .debug_macro   0x00002179     0xe09e ./Core/Src/actuator.o
 .debug_macro   0x00010217       0x6d ./Core/Src/actuator.o
 .debug_macro   0x00010284     0x34a2 ./Core/Src/actuator.o
 .debug_macro   0x00013726      0x190 ./Core/Src/actuator.o
 .debug_macro   0x000138b6       0x5c ./Core/Src/actuator.o
 .debug_macro   0x00013912      0x5bc ./Core/Src/actuator.o
 .debug_macro   0x00013ece      0x289 ./Core/Src/actuator.o
 .debug_macro   0x00014157      0x1cb ./Core/Src/actuator.o
 .debug_macro   0x00014322      0x114 ./Core/Src/actuator.o
 .debug_macro   0x00014436      0x1b2 ./Core/Src/actuator.o
 .debug_macro   0x000145e8       0x27 ./Core/Src/actuator.o
 .debug_macro   0x0001460f      0x136 ./Core/Src/actuator.o
 .debug_macro   0x00014745      0x1bc ./Core/Src/actuator.o
 .debug_macro   0x00014901       0x34 ./Core/Src/actuator.o
 .debug_macro   0x00014935       0x3c ./Core/Src/actuator.o
 .debug_macro   0x00014971      0x408 ./Core/Src/actuator.o
 .debug_macro   0x00014d79       0x57 ./Core/Src/actuator.o
 .debug_macro   0x00014dd0       0x87 ./Core/Src/actuator.o
 .debug_macro   0x00014e57      0x240 ./Core/Src/actuator.o
 .debug_macro   0x00015097      0x140 ./Core/Src/actuator.o
 .debug_macro   0x000151d7      0x8ed ./Core/Src/actuator.o
 .debug_macro   0x00015ac4       0x83 ./Core/Src/actuator.o
 .debug_macro   0x00015b47       0xf9 ./Core/Src/app.o
 .debug_macro   0x00015c40      0x130 ./Core/Src/app.o
 .debug_macro   0x00015d70      0x15a ./Core/Src/app.o
 .debug_macro   0x00015eca       0xc9 ./Core/Src/app.o
 .debug_macro   0x00015f93       0x1c ./Core/Src/app.o
 .debug_macro   0x00015faf       0x26 ./Core/Src/app.o
 .debug_macro   0x00015fd5      0x4da ./Core/Src/app.o
 .debug_macro   0x000164af       0xb5 ./Core/Src/app.o
 .debug_macro   0x00016564       0xaa ./Core/Src/app.o
 .debug_macro   0x0001660e       0x16 ./Core/Src/app.o
 .debug_macro   0x00016624      0x1c6 ./Core/Src/can_comm.o
 .debug_macro   0x000167ea       0x10 ./Core/Src/can_comm.o
 .debug_macro   0x000167fa      0x247 ./Core/Src/main.o
 .debug_macro   0x00016a41      0x130 ./Core/Src/main.o
 .debug_macro   0x00016b71       0x66 ./Core/Src/main.o
 .debug_macro   0x00016bd7       0x74 ./Core/Src/main.o
 .debug_macro   0x00016c4b       0xdd ./Core/Src/main.o
 .debug_macro   0x00016d28      0x1ad ./Core/Src/stm32f1xx_hal_msp.o
 .debug_macro   0x00016ed5      0x21f ./Core/Src/stm32f1xx_it.o
 .debug_macro   0x000170f4      0x1a3 ./Core/Src/system_stm32f1xx.o
 .debug_macro   0x00017297      0x1c7 ./Drivers/STM32F1xx_HAL_Driver/Src/stm32f1xx_hal.o
 .debug_macro   0x0001745e      0x1b2 ./Drivers/STM32F1xx_HAL_Driver/Src/stm32f1xx_hal_can.o
 .debug_macro   0x00017610      0x1a3 ./Drivers/STM32F1xx_HAL_Driver/Src/stm32f1xx_hal_cortex.o
 .debug_macro   0x000177b3      0x20e ./Drivers/STM32F1xx_HAL_Driver/Src/stm32f1xx_hal_gpio.o
 .debug_macro   0x000179c1      0x1b5 ./Drivers/STM32F1xx_HAL_Driver/Src/stm32f1xx_hal_rcc.o
 .debug_macro   0x00017b76      0x1a4 ./Drivers/STM32F1xx_HAL_Driver/Src/stm32f1xx_hal_tim.o
 .debug_macro   0x00017d1a      0x1a3 ./Drivers/STM32F1xx_HAL_Driver/Src/stm32f1xx_hal_tim_ex.o
 .debug_macro   0x00017ebd      0x39f ./Middlewares/Third_Party/FreeRTOS/Source/CMSIS_RTOS_V2/cmsis_os2.o
 .debug_macro   0x0001825c       0x10 ./Middlewares/Third_Party/FreeRTOS/Source/CMSIS_RTOS_V2/cmsis_os2.o
 .debug_macro   0x0001826c       0x20 ./Middlewares/Third_Party/FreeRTOS/Source/CMSIS_RTOS_V2/cmsis_os2.o
 .debug_macro   0x0001828c       0x10 ./Middlewares/Third_Party/FreeRTOS/Source/CMSIS_RTOS_V2/cmsis_os2.o
 .debug_macro   0x0001829c       0xb7 ./Middlewares/Third_Party/FreeRTOS/Source/CMSIS_RTOS_V2/cmsis_os2.o
 .debug_macro   0x00018353       0x91 ./Middlewares/Third_Party/FreeRTOS/Source/CMSIS_RTOS_V2/cmsis_os2.o
 .debug_macro   0x000183e4       0x8d ./Middlewares/Third_Party/FreeRTOS/Source/CMSIS_RTOS_V2/cmsis_os2.o
 .debug_macro   0x00018471       0x9a ./Middlewares/Third_Party/FreeRTOS/Source/CMSIS_RTOS_V2/cmsis_os2.o
 .debug_macro   0x0001850b       0x22 ./Middlewares/Third_Party/FreeRTOS/Source/CMSIS_RTOS_V2/cmsis_os2.o
 .debug_macro   0x0001852d       0x56 ./Middlewares/Third_Party/FreeRTOS/Source/CMSIS_RTOS_V2/cmsis_os2.o
 .debug_macro   0x00018583       0x28 ./Middlewares/Third_Party/FreeRTOS/Source/CMSIS_RTOS_V2/cmsis_os2.o
 .debug_macro   0x000185ab      0x187 ./Middlewares/Third_Party/FreeRTOS/Source/list.o
 .debug_macro   0x00018732      0x216 ./Middlewares/Third_Party/FreeRTOS/Source/queue.o
 .debug_macro   0x00018948       0x16 ./Middlewares/Third_Party/FreeRTOS/Source/queue.o
 .debug_macro   0x0001895e       0x87 ./Middlewares/Third_Party/FreeRTOS/Source/queue.o
 .debug_macro   0x000189e5      0x27f ./Middlewares/Third_Party/FreeRTOS/Source/tasks.o
 .debug_macro   0x00018c64       0x10 ./Middlewares/Third_Party/FreeRTOS/Source/tasks.o
 .debug_macro   0x00018c74      0x1dc ./Middlewares/Third_Party/FreeRTOS/Source/timers.o
 .debug_macro   0x00018e50       0x97 ./Middlewares/Third_Party/FreeRTOS/Source/timers.o
 .debug_macro   0x00018ee7      0x172 ./Middlewares/Third_Party/FreeRTOS/Source/portable/GCC/ARM_CM3/port.o
 .debug_macro   0x00019059      0x1ae ./Middlewares/Third_Party/FreeRTOS/Source/portable/MemMang/heap_4.o

.debug_line     0x00000000    0x14517
 .debug_line    0x00000000      0x7b5 ./Core/Src/actuator.o
 .debug_line    0x000007b5      0x634 ./Core/Src/app.o
 .debug_line    0x00000de9      0x7c3 ./Core/Src/can_comm.o
 .debug_line    0x000015ac      0xac3 ./Core/Src/main.o
 .debug_line    0x0000206f      0x7f6 ./Core/Src/stm32f1xx_hal_msp.o
 .debug_line    0x00002865      0x897 ./Core/Src/stm32f1xx_it.o
 .debug_line    0x000030fc      0x77e ./Core/Src/system_stm32f1xx.o
 .debug_line    0x0000387a       0x78 ./Core/Startup/startup_stm32f103c8tx.o
 .debug_line    0x000038f2      0x9b2 ./Drivers/STM32F1xx_HAL_Driver/Src/stm32f1xx_hal.o
 .debug_line    0x000042a4     0x11a8 ./Drivers/STM32F1xx_HAL_Driver/Src/stm32f1xx_hal_can.o
 .debug_line    0x0000544c      0xb79 ./Drivers/STM32F1xx_HAL_Driver/Src/stm32f1xx_hal_cortex.o
 .debug_line    0x00005fc5      0xa09 ./Drivers/STM32F1xx_HAL_Driver/Src/stm32f1xx_hal_gpio.o
 .debug_line    0x000069ce      0xe68 ./Drivers/STM32F1xx_HAL_Driver/Src/stm32f1xx_hal_rcc.o
 .debug_line    0x00007836     0x34a3 ./Drivers/STM32F1xx_HAL_Driver/Src/stm32f1xx_hal_tim.o
 .debug_line    0x0000acd9     0x1873 ./Drivers/STM32F1xx_HAL_Driver/Src/stm32f1xx_hal_tim_ex.o
 .debug_line    0x0000c54c     0x24b1 ./Middlewares/Third_Party/FreeRTOS/Source/CMSIS_RTOS_V2/cmsis_os2.o
 .debug_line    0x0000e9fd      0x790 ./Middlewares/Third_Party/FreeRTOS/Source/list.o
 .debug_line    0x0000f18d     0x1724 ./Middlewares/Third_Party/FreeRTOS/Source/queue.o
 .debug_line    0x000108b1     0x1d07 ./Middlewares/Third_Party/FreeRTOS/Source/tasks.o
 .debug_line    0x000125b8      0xdfe ./Middlewares/Third_Party/FreeRTOS/Source/timers.o
 .debug_line    0x000133b6      0x7bb ./Middlewares/Third_Party/FreeRTOS/Source/portable/GCC/ARM_CM3/port.o
 .debug_line    0x00013b71      0x9a6 ./Middlewares/Third_Party/FreeRTOS/Source/portable/MemMang/heap_4.o

.debug_str      0x00000000    0x947c6
 .debug_str     0x00000000    0x947c6 ./Core/Src/actuator.o
                              0x84254 (size before relaxing)
 .debug_str     0x000947c6     0x7fa5 ./Core/Src/app.o
 .debug_str     0x000947c6    0x84152 ./Core/Src/can_comm.o
 .debug_str     0x000947c6    0x895e7 ./Core/Src/main.o
 .debug_str     0x000947c6    0x84794 ./Core/Src/stm32f1xx_hal_msp.o
 .debug_str     0x000947c6    0x879eb ./Core/Src/stm32f1xx_it.o
 .debug_str     0x000947c6    0x83cdd ./Core/Src/system_stm32f1xx.o
 .debug_str     0x000947c6       0x7a ./Core/Startup/startup_stm32f103c8tx.o
 .debug_str     0x000947c6    0x84410 ./Drivers/STM32F1xx_HAL_Driver/Src/stm32f1xx_hal.o
 .debug_str     0x000947c6    0x844e5 ./Drivers/STM32F1xx_HAL_Driver/Src/stm32f1xx_hal_can.o
 .debug_str     0x000947c6    0x8435c ./Drivers/STM32F1xx_HAL_Driver/Src/stm32f1xx_hal_cortex.o
 .debug_str     0x000947c6    0x84063 ./Drivers/STM32F1xx_HAL_Driver/Src/stm32f1xx_hal_gpio.o
 .debug_str     0x000947c6    0x8410c ./Drivers/STM32F1xx_HAL_Driver/Src/stm32f1xx_hal_rcc.o
 .debug_str     0x000947c6    0x8510e ./Drivers/STM32F1xx_HAL_Driver/Src/stm32f1xx_hal_tim.o
 .debug_str     0x000947c6    0x8491a ./Drivers/STM32F1xx_HAL_Driver/Src/stm32f1xx_hal_tim_ex.o
 .debug_str     0x000947c6    0x8e831 ./Middlewares/Third_Party/FreeRTOS/Source/CMSIS_RTOS_V2/cmsis_os2.o
 .debug_str     0x000947c6     0xaa89 ./Middlewares/Third_Party/FreeRTOS/Source/list.o
 .debug_str     0x000947c6     0xc5c9 ./Middlewares/Third_Party/FreeRTOS/Source/queue.o
 .debug_str     0x000947c6     0xd086 ./Middlewares/Third_Party/FreeRTOS/Source/tasks.o
 .debug_str     0x000947c6     0xcafb ./Middlewares/Third_Party/FreeRTOS/Source/timers.o
 .debug_str     0x000947c6     0x85a5 ./Middlewares/Third_Party/FreeRTOS/Source/portable/GCC/ARM_CM3/port.o
 .debug_str     0x000947c6     0xb3cb ./Middlewares/Third_Party/FreeRTOS/Source/portable/MemMang/heap_4.o

.comment        0x00000000       0x43
 .comment       0x00000000       0x43 ./Core/Src/actuator.o
                                 0x44 (size before relaxing)
 .comment       0x00000043       0x44 ./Core/Src/app.o
 .comment       0x00000043       0x44 ./Core/Src/can_comm.o
 .comment       0x00000043       0x44 ./Core/Src/main.o
 .comment       0x00000043       0x44 ./Core/Src/stm32f1xx_hal_msp.o
 .comment       0x00000043       0x44 ./Core/Src/stm32f1xx_it.o
 .comment       0x00000043       0x44 ./Core/Src/system_stm32f1xx.o
 .comment       0x00000043       0x44 ./Drivers/STM32F1xx_HAL_Driver/Src/stm32f1xx_hal.o
 .comment       0x00000043       0x44 ./Drivers/STM32F1xx_HAL_Driver/Src/stm32f1xx_hal_can.o
 .comment       0x00000043       0x44 ./Drivers/STM32F1xx_HAL_Driver/Src/stm32f1xx_hal_cortex.o
 .comment       0x00000043       0x44 ./Drivers/STM32F1xx_HAL_Driver/Src/stm32f1xx_hal_gpio.o
 .comment       0x00000043       0x44 ./Drivers/STM32F1xx_HAL_Driver/Src/stm32f1xx_hal_rcc.o
 .comment       0x00000043       0x44 ./Drivers/STM32F1xx_HAL_Driver/Src/stm32f1xx_hal_tim.o
 .comment       0x00000043       0x44 ./Drivers/STM32F1xx_HAL_Driver/Src/stm32f1xx_hal_tim_ex.o
 .comment       0x00000043       0x44 ./Middlewares/Third_Party/FreeRTOS/Source/CMSIS_RTOS_V2/cmsis_os2.o
 .comment       0x00000043       0x44 ./Middlewares/Third_Party/FreeRTOS/Source/list.o
 .comment       0x00000043       0x44 ./Middlewares/Third_Party/FreeRTOS/Source/queue.o
 .comment       0x00000043       0x44 ./Middlewares/Third_Party/FreeRTOS/Source/tasks.o
 .comment       0x00000043       0x44 ./Middlewares/Third_Party/FreeRTOS/Source/timers.o
 .comment       0x00000043       0x44 ./Middlewares/Third_Party/FreeRTOS/Source/portable/GCC/ARM_CM3/port.o
 .comment       0x00000043       0x44 ./Middlewares/Third_Party/FreeRTOS/Source/portable/MemMang/heap_4.o

.debug_frame    0x00000000     0x4cd0
 .debug_frame   0x00000000       0xac ./Core/Src/actuator.o
 .debug_frame   0x000000ac       0xf8 ./Core/Src/app.o
 .debug_frame   0x000001a4       0x7c ./Core/Src/can_comm.o
 .debug_frame   0x00000220      0x110 ./Core/Src/main.o
 .debug_frame   0x00000330       0xe8 ./Core/Src/stm32f1xx_hal_msp.o
 .debug_frame   0x00000418       0xc0 ./Core/Src/stm32f1xx_it.o
 .debug_frame   0x000004d8       0x50 ./Core/Src/system_stm32f1xx.o
 .debug_frame   0x00000528      0x2e4 ./Drivers/STM32F1xx_HAL_Driver/Src/stm32f1xx_hal.o
 .debug_frame   0x0000080c      0x524 ./Drivers/STM32F1xx_HAL_Driver/Src/stm32f1xx_hal_can.o
 .debug_frame   0x00000d30      0x3f0 ./Drivers/STM32F1xx_HAL_Driver/Src/stm32f1xx_hal_cortex.o
 .debug_frame   0x00001120      0x130 ./Drivers/STM32F1xx_HAL_Driver/Src/stm32f1xx_hal_gpio.o
 .debug_frame   0x00001250      0x1f8 ./Drivers/STM32F1xx_HAL_Driver/Src/stm32f1xx_hal_rcc.o
 .debug_frame   0x00001448     0x10e8 ./Drivers/STM32F1xx_HAL_Driver/Src/stm32f1xx_hal_tim.o
 .debug_frame   0x00002530      0x600 ./Drivers/STM32F1xx_HAL_Driver/Src/stm32f1xx_hal_tim_ex.o
 .debug_frame   0x00002b30      0xb80 ./Middlewares/Third_Party/FreeRTOS/Source/CMSIS_RTOS_V2/cmsis_os2.o
 .debug_frame   0x000036b0       0xc4 ./Middlewares/Third_Party/FreeRTOS/Source/list.o
 .debug_frame   0x00003774      0x5c0 ./Middlewares/Third_Party/FreeRTOS/Source/queue.o
 .debug_frame   0x00003d34      0x8b0 ./Middlewares/Third_Party/FreeRTOS/Source/tasks.o
 .debug_frame   0x000045e4      0x3e4 ./Middlewares/Third_Party/FreeRTOS/Source/timers.o
 .debug_frame   0x000049c8      0x17c ./Middlewares/Third_Party/FreeRTOS/Source/portable/GCC/ARM_CM3/port.o
 .debug_frame   0x00004b44      0x118 ./Middlewares/Third_Party/FreeRTOS/Source/portable/MemMang/heap_4.o
 .debug_frame   0x00004c5c       0x20 C:/ST/STM32CubeIDE_2.1.1/STM32CubeIDE/plugins/com.st.stm32cube.ide.mcu.externaltools.gnu-tools-for-stm32.14.3.rel1.win32_1.0.100.202602081740/tools/bin/../lib/gcc/arm-none-eabi/14.3.1/../../../../arm-none-eabi/lib/thumb/v7-m/nofp\libc_nano.a(libc_a-memset.o)
 .debug_frame   0x00004c7c       0x2c C:/ST/STM32CubeIDE_2.1.1/STM32CubeIDE/plugins/com.st.stm32cube.ide.mcu.externaltools.gnu-tools-for-stm32.14.3.rel1.win32_1.0.100.202602081740/tools/bin/../lib/gcc/arm-none-eabi/14.3.1/../../../../arm-none-eabi/lib/thumb/v7-m/nofp\libc_nano.a(libc_a-init.o)
 .debug_frame   0x00004ca8       0x28 C:/ST/STM32CubeIDE_2.1.1/STM32CubeIDE/plugins/com.st.stm32cube.ide.mcu.externaltools.gnu-tools-for-stm32.14.3.rel1.win32_1.0.100.202602081740/tools/bin/../lib/gcc/arm-none-eabi/14.3.1/../../../../arm-none-eabi/lib/thumb/v7-m/nofp\libc_nano.a(libc_a-memcpy-stub.o)

.debug_line_str
                0x00000000       0x5e
 .debug_line_str
                0x00000000       0x5e ./Core/Startup/startup_stm32f103c8tx.o
